# M6.10.5 (5) 写延迟直方图：上界 50ms -> 1s + 新增真实最大值 lat_max_us
# 变更只在本副本（src/raft/metrics.{h,cpp}）；~/raft-kv 未动，所以 base 臂没有 lat_max_us（=NA）。
# 三臂 A/B：scripts/bench_m6_ab.sh --repeats 3 --only base,file,lsm

## NEW raw rows（含 lat_max_us）：
base p=1 rep=1 n=1000 ms=10830.5 ms_per_write=10.831 qps=92 verify=[verified 1000 missing 0] logdir_bytes=193887 open_ms_max=48 fsync_calls=NA fsync_us_total=NA lat_p50_us=20000 lat_p99_us=20000 node_fsync_calls=1202 node_fsync_ms=3386 lsm_stats=[NA] lat_max_us=NA
file p=1 rep=1 n=1000 ms=11866.8 ms_per_write=11.867 qps=84 verify=[verified 1000 missing 0] logdir_bytes=193887 open_ms_max=39 fsync_calls=NA fsync_us_total=NA lat_p50_us=20000 lat_p99_us=20000 node_fsync_calls=1202 node_fsync_ms=4020 lsm_stats=[NA] lat_max_us=26890
lsm p=1 rep=1 n=1000 ms=9332.2 ms_per_write=9.332 qps=107 verify=[verified 1000 missing 0] logdir_bytes=289281 open_ms_max=38 fsync_calls=NA fsync_us_total=NA lat_p50_us=20000 lat_p99_us=20000 node_fsync_calls=1202 node_fsync_ms=3047 lsm_stats=[lsm_l0_files=0 lsm_sst_files=0 lsm_sst_bytes=0 lsm_wal_bytes=92305 lsm_flush_started=0 lsm_flush_done=0 lsm_flush_failed=0 lsm_stall_events=0 lsm_stall_ms=0 lsm_wal_rotations=0 lsm_compaction_rounds=0 lsm_compaction_max_ms=0 lsm_flush_write_bytes=0 lsm_compact_write_bytes=0 lsm_user_bytes=65847 ] lat_max_us=24206
base p=1 rep=2 n=1000 ms=9192.1 ms_per_write=9.192 qps=109 verify=[verified 1000 missing 0] logdir_bytes=193887 open_ms_max=60 fsync_calls=NA fsync_us_total=NA lat_p50_us=20000 lat_p99_us=20000 node_fsync_calls=1202 node_fsync_ms=3217 lsm_stats=[NA] lat_max_us=NA
file p=1 rep=2 n=1000 ms=8753.9 ms_per_write=8.754 qps=114 verify=[verified 1000 missing 0] logdir_bytes=193887 open_ms_max=40 fsync_calls=NA fsync_us_total=NA lat_p50_us=10000 lat_p99_us=20000 node_fsync_calls=1202 node_fsync_ms=2948 lsm_stats=[NA] lat_max_us=26095
lsm p=1 rep=2 n=1000 ms=8452.8 ms_per_write=8.453 qps=118 verify=[verified 1000 missing 0] logdir_bytes=289203 open_ms_max=39 fsync_calls=NA fsync_us_total=NA lat_p50_us=10000 lat_p99_us=20000 node_fsync_calls=1202 node_fsync_ms=2736 lsm_stats=[lsm_l0_files=0 lsm_sst_files=0 lsm_sst_bytes=0 lsm_wal_bytes=92305 lsm_flush_started=0 lsm_flush_done=0 lsm_flush_failed=0 lsm_stall_events=0 lsm_stall_ms=0 lsm_wal_rotations=0 lsm_compaction_rounds=0 lsm_compaction_max_ms=0 lsm_flush_write_bytes=0 lsm_compact_write_bytes=0 lsm_user_bytes=65847 ] lat_max_us=26620
base p=1 rep=3 n=1000 ms=9345.5 ms_per_write=9.345 qps=107 verify=[verified 1000 missing 0] logdir_bytes=193887 open_ms_max=39 fsync_calls=NA fsync_us_total=NA lat_p50_us=10000 lat_p99_us=20000 node_fsync_calls=1202 node_fsync_ms=3101 lsm_stats=[NA] lat_max_us=NA
file p=1 rep=3 n=1000 ms=8980.8 ms_per_write=8.981 qps=111 verify=[verified 1000 missing 0] logdir_bytes=193887 open_ms_max=35 fsync_calls=NA fsync_us_total=NA lat_p50_us=10000 lat_p99_us=20000 node_fsync_calls=1202 node_fsync_ms=2968 lsm_stats=[NA] lat_max_us=14992
lsm p=1 rep=3 n=1000 ms=8876.6 ms_per_write=8.877 qps=113 verify=[verified 1000 missing 0] logdir_bytes=289203 open_ms_max=33 fsync_calls=NA fsync_us_total=NA lat_p50_us=10000 lat_p99_us=20000 node_fsync_calls=1202 node_fsync_ms=2909 lsm_stats=[lsm_l0_files=0 lsm_sst_files=0 lsm_sst_bytes=0 lsm_wal_bytes=92305 lsm_flush_started=0 lsm_flush_done=0 lsm_flush_failed=0 lsm_stall_events=0 lsm_stall_ms=0 lsm_wal_rotations=0 lsm_compaction_rounds=0 lsm_compaction_max_ms=0 lsm_flush_write_bytes=0 lsm_compact_write_bytes=0 lsm_user_bytes=65847 ] lat_max_us=15658
base p=8 rep=1 n=4000 ms=5828.4 ms_per_write=1.457 qps=686 verify=[verified 4000 missing 0] logdir_bytes=688887 open_ms_max=38 fsync_calls=NA fsync_us_total=NA lat_p50_us=20000 lat_p99_us=50000 node_fsync_calls=751 node_fsync_ms=1937 lsm_stats=[NA] lat_max_us=NA
file p=8 rep=1 n=4000 ms=6189.4 ms_per_write=1.547 qps=646 verify=[verified 4000 missing 0] logdir_bytes=688887 open_ms_max=38 fsync_calls=NA fsync_us_total=NA lat_p50_us=20000 lat_p99_us=50000 node_fsync_calls=749 node_fsync_ms=1992 lsm_stats=[NA] lat_max_us=31784
lsm p=8 rep=1 n=4000 ms=6010.1 ms_per_write=1.503 qps=666 verify=[verified 4000 missing 0] logdir_bytes=859842 open_ms_max=37 fsync_calls=NA fsync_us_total=NA lat_p50_us=20000 lat_p99_us=50000 node_fsync_calls=742 node_fsync_ms=2040 lsm_stats=[lsm_l0_files=0 lsm_sst_files=0 lsm_sst_bytes=0 lsm_wal_bytes=326354 lsm_flush_started=0 lsm_flush_done=0 lsm_flush_failed=0 lsm_stall_events=0 lsm_stall_ms=0 lsm_wal_rotations=0 lsm_compaction_rounds=0 lsm_compaction_max_ms=0 lsm_flush_write_bytes=0 lsm_compact_write_bytes=0 lsm_user_bytes=233847 ] lat_max_us=35248
base p=8 rep=2 n=4000 ms=5978.1 ms_per_write=1.495 qps=669 verify=[verified 4000 missing 0] logdir_bytes=688887 open_ms_max=37 fsync_calls=NA fsync_us_total=NA lat_p50_us=20000 lat_p99_us=50000 node_fsync_calls=749 node_fsync_ms=2085 lsm_stats=[NA] lat_max_us=NA
file p=8 rep=2 n=4000 ms=5944.9 ms_per_write=1.486 qps=673 verify=[verified 4000 missing 0] logdir_bytes=688887 open_ms_max=38 fsync_calls=NA fsync_us_total=NA lat_p50_us=20000 lat_p99_us=50000 node_fsync_calls=752 node_fsync_ms=1967 lsm_stats=[NA] lat_max_us=30936
lsm p=8 rep=2 n=4000 ms=5908.4 ms_per_write=1.477 qps=677 verify=[verified 4000 missing 0] logdir_bytes=860146 open_ms_max=39 fsync_calls=NA fsync_us_total=NA lat_p50_us=20000 lat_p99_us=50000 node_fsync_calls=750 node_fsync_ms=2020 lsm_stats=[lsm_l0_files=0 lsm_sst_files=0 lsm_sst_bytes=0 lsm_wal_bytes=326354 lsm_flush_started=0 lsm_flush_done=0 lsm_flush_failed=0 lsm_stall_events=0 lsm_stall_ms=0 lsm_wal_rotations=0 lsm_compaction_rounds=0 lsm_compaction_max_ms=0 lsm_flush_write_bytes=0 lsm_compact_write_bytes=0 lsm_user_bytes=233847 ] lat_max_us=28821
base p=8 rep=3 n=4000 ms=6093.9 ms_per_write=1.523 qps=656 verify=[verified 4000 missing 0] logdir_bytes=688887 open_ms_max=35 fsync_calls=NA fsync_us_total=NA lat_p50_us=20000 lat_p99_us=50000 node_fsync_calls=751 node_fsync_ms=2176 lsm_stats=[NA] lat_max_us=NA
file p=8 rep=3 n=4000 ms=6151.6 ms_per_write=1.538 qps=650 verify=[verified 4000 missing 0] logdir_bytes=688887 open_ms_max=37 fsync_calls=NA fsync_us_total=NA lat_p50_us=20000 lat_p99_us=50000 node_fsync_calls=749 node_fsync_ms=2016 lsm_stats=[NA] lat_max_us=35130
lsm p=8 rep=3 n=4000 ms=6158.4 ms_per_write=1.540 qps=650 verify=[verified 4000 missing 0] logdir_bytes=860299 open_ms_max=68 fsync_calls=NA fsync_us_total=NA lat_p50_us=20000 lat_p99_us=50000 node_fsync_calls=753 node_fsync_ms=2100 lsm_stats=[lsm_l0_files=0 lsm_sst_files=0 lsm_sst_bytes=0 lsm_wal_bytes=326354 lsm_flush_started=0 lsm_flush_done=0 lsm_flush_failed=0 lsm_stall_events=0 lsm_stall_ms=0 lsm_wal_rotations=0 lsm_compaction_rounds=0 lsm_compaction_max_ms=0 lsm_flush_write_bytes=0 lsm_compact_write_bytes=0 lsm_user_bytes=233847 ] lat_max_us=37434
base p=64 rep=1 n=4000 ms=1641.5 ms_per_write=0.410 qps=2437 verify=[verified 4000 missing 0] logdir_bytes=688887 open_ms_max=36 fsync_calls=NA fsync_us_total=NA lat_p50_us=50000 lat_p99_us=50000 node_fsync_calls=289 node_fsync_ms=762 lsm_stats=[NA] lat_max_us=NA
file p=64 rep=1 n=4000 ms=1614.5 ms_per_write=0.404 qps=2478 verify=[verified 4000 missing 0] logdir_bytes=688887 open_ms_max=41 fsync_calls=NA fsync_us_total=NA lat_p50_us=50000 lat_p99_us=50000 node_fsync_calls=294 node_fsync_ms=915 lsm_stats=[NA] lat_max_us=56672
lsm p=64 rep=1 n=4000 ms=1827.7 ms_per_write=0.457 qps=2189 verify=[verified 4000 missing 0] logdir_bytes=843086 open_ms_max=37 fsync_calls=NA fsync_us_total=NA lat_p50_us=50000 lat_p99_us=50000 node_fsync_calls=299 node_fsync_ms=875 lsm_stats=[lsm_l0_files=0 lsm_sst_files=0 lsm_sst_bytes=0 lsm_wal_bytes=326354 lsm_flush_started=0 lsm_flush_done=0 lsm_flush_failed=0 lsm_stall_events=0 lsm_stall_ms=0 lsm_wal_rotations=0 lsm_compaction_rounds=0 lsm_compaction_max_ms=0 lsm_flush_write_bytes=0 lsm_compact_write_bytes=0 lsm_user_bytes=233847 ] lat_max_us=59190
base p=64 rep=2 n=4000 ms=1623.6 ms_per_write=0.406 qps=2464 verify=[verified 4000 missing 0] logdir_bytes=688887 open_ms_max=38 fsync_calls=NA fsync_us_total=NA lat_p50_us=50000 lat_p99_us=50000 node_fsync_calls=294 node_fsync_ms=835 lsm_stats=[NA] lat_max_us=NA
file p=64 rep=2 n=4000 ms=1747.8 ms_per_write=0.437 qps=2289 verify=[verified 4000 missing 0] logdir_bytes=688887 open_ms_max=39 fsync_calls=NA fsync_us_total=NA lat_p50_us=50000 lat_p99_us=50000 node_fsync_calls=300 node_fsync_ms=819 lsm_stats=[NA] lat_max_us=82950
lsm p=64 rep=2 n=4000 ms=1852.8 ms_per_write=0.463 qps=2159 verify=[verified 4000 missing 0] logdir_bytes=842932 open_ms_max=73 fsync_calls=NA fsync_us_total=NA lat_p50_us=50000 lat_p99_us=50000 node_fsync_calls=296 node_fsync_ms=999 lsm_stats=[lsm_l0_files=0 lsm_sst_files=0 lsm_sst_bytes=0 lsm_wal_bytes=326354 lsm_flush_started=0 lsm_flush_done=0 lsm_flush_failed=0 lsm_stall_events=0 lsm_stall_ms=0 lsm_wal_rotations=0 lsm_compaction_rounds=0 lsm_compaction_max_ms=0 lsm_flush_write_bytes=0 lsm_compact_write_bytes=0 lsm_user_bytes=233847 ] lat_max_us=63333
base p=64 rep=3 n=4000 ms=1743.5 ms_per_write=0.436 qps=2294 verify=[verified 4000 missing 0] logdir_bytes=688887 open_ms_max=55 fsync_calls=NA fsync_us_total=NA lat_p50_us=50000 lat_p99_us=50000 node_fsync_calls=293 node_fsync_ms=1038 lsm_stats=[NA] lat_max_us=NA
file p=64 rep=3 n=4000 ms=1641.9 ms_per_write=0.410 qps=2436 verify=[verified 4000 missing 0] logdir_bytes=688887 open_ms_max=36 fsync_calls=NA fsync_us_total=NA lat_p50_us=50000 lat_p99_us=50000 node_fsync_calls=290 node_fsync_ms=1008 lsm_stats=[NA] lat_max_us=54278
lsm p=64 rep=3 n=4000 ms=1478.2 ms_per_write=0.370 qps=2706 verify=[verified 4000 missing 0] logdir_bytes=842856 open_ms_max=39 fsync_calls=NA fsync_us_total=NA lat_p50_us=20000 lat_p99_us=50000 node_fsync_calls=295 node_fsync_ms=740 lsm_stats=[lsm_l0_files=0 lsm_sst_files=0 lsm_sst_bytes=0 lsm_wal_bytes=326354 lsm_flush_started=0 lsm_flush_done=0 lsm_flush_failed=0 lsm_stall_events=0 lsm_stall_ms=0 lsm_wal_rotations=0 lsm_compaction_rounds=0 lsm_compaction_max_ms=0 lsm_flush_write_bytes=0 lsm_compact_write_bytes=0 lsm_user_bytes=233847 ] lat_max_us=48740

## OLD raw rows（M6.10.4 同命令，旧直方图；原文件 docs/raw/m6.10.4-bench-ab.log 保留未改）：
base p=1 rep=1 n=1000 ms=8899.9 ms_per_write=8.900 qps=112 verify=[verified 1000 missing 0] logdir_bytes=193887 open_ms_max=41 fsync_calls=NA fsync_us_total=NA lat_p50_us=10000 lat_p99_us=20000 node_fsync_calls=1202 node_fsync_ms=2951 lsm_stats=[NA]
file p=1 rep=1 n=1000 ms=8966.8 ms_per_write=8.967 qps=112 verify=[verified 1000 missing 0] logdir_bytes=193887 open_ms_max=38 fsync_calls=NA fsync_us_total=NA lat_p50_us=10000 lat_p99_us=20000 node_fsync_calls=1202 node_fsync_ms=2850 lsm_stats=[NA]
lsm p=1 rep=1 n=1000 ms=8296.6 ms_per_write=8.297 qps=121 verify=[verified 1000 missing 0] logdir_bytes=289242 open_ms_max=40 fsync_calls=NA fsync_us_total=NA lat_p50_us=10000 lat_p99_us=20000 node_fsync_calls=1202 node_fsync_ms=2727 lsm_stats=[lsm_l0_files=0 lsm_sst_files=0 lsm_sst_bytes=0 lsm_wal_bytes=92305 lsm_flush_started=0 lsm_flush_done=0 lsm_flush_failed=0 lsm_stall_events=0 lsm_stall_ms=0 lsm_wal_rotations=0 lsm_compaction_rounds=0 lsm_compaction_max_ms=0 lsm_flush_write_bytes=0 lsm_compact_write_bytes=0 lsm_user_bytes=65847 ]
base p=1 rep=2 n=1000 ms=8755.7 ms_per_write=8.756 qps=114 verify=[verified 1000 missing 0] logdir_bytes=193887 open_ms_max=36 fsync_calls=NA fsync_us_total=NA lat_p50_us=10000 lat_p99_us=20000 node_fsync_calls=1202 node_fsync_ms=2912 lsm_stats=[NA]
file p=1 rep=2 n=1000 ms=8894.5 ms_per_write=8.895 qps=112 verify=[verified 1000 missing 0] logdir_bytes=193887 open_ms_max=37 fsync_calls=NA fsync_us_total=NA lat_p50_us=10000 lat_p99_us=20000 node_fsync_calls=1202 node_fsync_ms=2998 lsm_stats=[NA]
lsm p=1 rep=2 n=1000 ms=8376.0 ms_per_write=8.376 qps=119 verify=[verified 1000 missing 0] logdir_bytes=289242 open_ms_max=73 fsync_calls=NA fsync_us_total=NA lat_p50_us=10000 lat_p99_us=20000 node_fsync_calls=1202 node_fsync_ms=2855 lsm_stats=[lsm_l0_files=0 lsm_sst_files=0 lsm_sst_bytes=0 lsm_wal_bytes=92305 lsm_flush_started=0 lsm_flush_done=0 lsm_flush_failed=0 lsm_stall_events=0 lsm_stall_ms=0 lsm_wal_rotations=0 lsm_compaction_rounds=0 lsm_compaction_max_ms=0 lsm_flush_write_bytes=0 lsm_compact_write_bytes=0 lsm_user_bytes=65847 ]
base p=1 rep=3 n=1000 ms=7729.5 ms_per_write=7.729 qps=129 verify=[verified 1000 missing 0] logdir_bytes=193887 open_ms_max=52 fsync_calls=NA fsync_us_total=NA lat_p50_us=10000 lat_p99_us=20000 node_fsync_calls=1202 node_fsync_ms=2532 lsm_stats=[NA]
file p=1 rep=3 n=1000 ms=8223.6 ms_per_write=8.224 qps=122 verify=[verified 1000 missing 0] logdir_bytes=193887 open_ms_max=37 fsync_calls=NA fsync_us_total=NA lat_p50_us=10000 lat_p99_us=20000 node_fsync_calls=1202 node_fsync_ms=2731 lsm_stats=[NA]
lsm p=1 rep=3 n=1000 ms=8284.5 ms_per_write=8.284 qps=121 verify=[verified 1000 missing 0] logdir_bytes=289242 open_ms_max=74 fsync_calls=NA fsync_us_total=NA lat_p50_us=10000 lat_p99_us=20000 node_fsync_calls=1202 node_fsync_ms=2756 lsm_stats=[lsm_l0_files=0 lsm_sst_files=0 lsm_sst_bytes=0 lsm_wal_bytes=92305 lsm_flush_started=0 lsm_flush_done=0 lsm_flush_failed=0 lsm_stall_events=0 lsm_stall_ms=0 lsm_wal_rotations=0 lsm_compaction_rounds=0 lsm_compaction_max_ms=0 lsm_flush_write_bytes=0 lsm_compact_write_bytes=0 lsm_user_bytes=65847 ]
base p=8 rep=1 n=4000 ms=5903.5 ms_per_write=1.476 qps=678 verify=[verified 4000 missing 0] logdir_bytes=688887 open_ms_max=36 fsync_calls=NA fsync_us_total=NA lat_p50_us=20000 lat_p99_us=50000 node_fsync_calls=748 node_fsync_ms=1996 lsm_stats=[NA]
file p=8 rep=1 n=4000 ms=5918.1 ms_per_write=1.480 qps=676 verify=[verified 4000 missing 0] logdir_bytes=688887 open_ms_max=36 fsync_calls=NA fsync_us_total=NA lat_p50_us=20000 lat_p99_us=50000 node_fsync_calls=752 node_fsync_ms=1962 lsm_stats=[NA]
lsm p=8 rep=1 n=4000 ms=5732.8 ms_per_write=1.433 qps=698 verify=[verified 4000 missing 0] logdir_bytes=860260 open_ms_max=38 fsync_calls=NA fsync_us_total=NA lat_p50_us=20000 lat_p99_us=50000 node_fsync_calls=753 node_fsync_ms=1910 lsm_stats=[lsm_l0_files=0 lsm_sst_files=0 lsm_sst_bytes=0 lsm_wal_bytes=326354 lsm_flush_started=0 lsm_flush_done=0 lsm_flush_failed=0 lsm_stall_events=0 lsm_stall_ms=0 lsm_wal_rotations=0 lsm_compaction_rounds=0 lsm_compaction_max_ms=0 lsm_flush_write_bytes=0 lsm_compact_write_bytes=0 lsm_user_bytes=233847 ]
base p=8 rep=2 n=4000 ms=6045.3 ms_per_write=1.511 qps=662 verify=[verified 4000 missing 0] logdir_bytes=688887 open_ms_max=38 fsync_calls=NA fsync_us_total=NA lat_p50_us=20000 lat_p99_us=50000 node_fsync_calls=757 node_fsync_ms=2018 lsm_stats=[NA]
file p=8 rep=2 n=4000 ms=5924.0 ms_per_write=1.481 qps=675 verify=[verified 4000 missing 0] logdir_bytes=688887 open_ms_max=38 fsync_calls=NA fsync_us_total=NA lat_p50_us=20000 lat_p99_us=50000 node_fsync_calls=751 node_fsync_ms=1911 lsm_stats=[NA]
lsm p=8 rep=2 n=4000 ms=5830.6 ms_per_write=1.458 qps=686 verify=[verified 4000 missing 0] logdir_bytes=860257 open_ms_max=39 fsync_calls=NA fsync_us_total=NA lat_p50_us=20000 lat_p99_us=50000 node_fsync_calls=752 node_fsync_ms=1988 lsm_stats=[lsm_l0_files=0 lsm_sst_files=0 lsm_sst_bytes=0 lsm_wal_bytes=326354 lsm_flush_started=0 lsm_flush_done=0 lsm_flush_failed=0 lsm_stall_events=0 lsm_stall_ms=0 lsm_wal_rotations=0 lsm_compaction_rounds=0 lsm_compaction_max_ms=0 lsm_flush_write_bytes=0 lsm_compact_write_bytes=0 lsm_user_bytes=233847 ]
base p=8 rep=3 n=4000 ms=6049.3 ms_per_write=1.512 qps=661 verify=[verified 4000 missing 0] logdir_bytes=688887 open_ms_max=37 fsync_calls=NA fsync_us_total=NA lat_p50_us=20000 lat_p99_us=50000 node_fsync_calls=752 node_fsync_ms=2019 lsm_stats=[NA]
file p=8 rep=3 n=4000 ms=5879.1 ms_per_write=1.470 qps=680 verify=[verified 4000 missing 0] logdir_bytes=688887 open_ms_max=38 fsync_calls=NA fsync_us_total=NA lat_p50_us=20000 lat_p99_us=50000 node_fsync_calls=752 node_fsync_ms=1873 lsm_stats=[NA]
lsm p=8 rep=3 n=4000 ms=5911.8 ms_per_write=1.478 qps=677 verify=[verified 4000 missing 0] logdir_bytes=860223 open_ms_max=37 fsync_calls=NA fsync_us_total=NA lat_p50_us=20000 lat_p99_us=50000 node_fsync_calls=751 node_fsync_ms=1898 lsm_stats=[lsm_l0_files=0 lsm_sst_files=0 lsm_sst_bytes=0 lsm_wal_bytes=326354 lsm_flush_started=0 lsm_flush_done=0 lsm_flush_failed=0 lsm_stall_events=0 lsm_stall_ms=0 lsm_wal_rotations=0 lsm_compaction_rounds=0 lsm_compaction_max_ms=0 lsm_flush_write_bytes=0 lsm_compact_write_bytes=0 lsm_user_bytes=233847 ]
base p=64 rep=1 n=4000 ms=1627.5 ms_per_write=0.407 qps=2458 verify=[verified 4000 missing 0] logdir_bytes=688887 open_ms_max=40 fsync_calls=NA fsync_us_total=NA lat_p50_us=50000 lat_p99_us=50000 node_fsync_calls=296 node_fsync_ms=798 lsm_stats=[NA]
file p=64 rep=1 n=4000 ms=1555.3 ms_per_write=0.389 qps=2572 verify=[verified 4000 missing 0] logdir_bytes=688887 open_ms_max=40 fsync_calls=NA fsync_us_total=NA lat_p50_us=20000 lat_p99_us=50000 node_fsync_calls=290 node_fsync_ms=756 lsm_stats=[NA]
lsm p=64 rep=1 n=4000 ms=1795.7 ms_per_write=0.449 qps=2228 verify=[verified 4000 missing 0] logdir_bytes=843086 open_ms_max=39 fsync_calls=NA fsync_us_total=NA lat_p50_us=50000 lat_p99_us=50000 node_fsync_calls=299 node_fsync_ms=851 lsm_stats=[lsm_l0_files=0 lsm_sst_files=0 lsm_sst_bytes=0 lsm_wal_bytes=326354 lsm_flush_started=0 lsm_flush_done=0 lsm_flush_failed=0 lsm_stall_events=0 lsm_stall_ms=0 lsm_wal_rotations=0 lsm_compaction_rounds=0 lsm_compaction_max_ms=0 lsm_flush_write_bytes=0 lsm_compact_write_bytes=0 lsm_user_bytes=233847 ]
base p=64 rep=2 n=4000 ms=1616.6 ms_per_write=0.404 qps=2474 verify=[verified 4000 missing 0] logdir_bytes=688887 open_ms_max=35 fsync_calls=NA fsync_us_total=NA lat_p50_us=50000 lat_p99_us=50000 node_fsync_calls=292 node_fsync_ms=813 lsm_stats=[NA]
file p=64 rep=2 n=4000 ms=1674.1 ms_per_write=0.419 qps=2389 verify=[verified 4000 missing 0] logdir_bytes=688887 open_ms_max=35 fsync_calls=NA fsync_us_total=NA lat_p50_us=50000 lat_p99_us=50000 node_fsync_calls=293 node_fsync_ms=770 lsm_stats=[NA]
lsm p=64 rep=2 n=4000 ms=1659.3 ms_per_write=0.415 qps=2411 verify=[verified 4000 missing 0] logdir_bytes=842971 open_ms_max=84 fsync_calls=NA fsync_us_total=NA lat_p50_us=50000 lat_p99_us=50000 node_fsync_calls=297 node_fsync_ms=820 lsm_stats=[lsm_l0_files=0 lsm_sst_files=0 lsm_sst_bytes=0 lsm_wal_bytes=326354 lsm_flush_started=0 lsm_flush_done=0 lsm_flush_failed=0 lsm_stall_events=0 lsm_stall_ms=0 lsm_wal_rotations=0 lsm_compaction_rounds=0 lsm_compaction_max_ms=0 lsm_flush_write_bytes=0 lsm_compact_write_bytes=0 lsm_user_bytes=233847 ]
base p=64 rep=3 n=4000 ms=1789.6 ms_per_write=0.447 qps=2235 verify=[verified 4000 missing 0] logdir_bytes=688887 open_ms_max=37 fsync_calls=NA fsync_us_total=NA lat_p50_us=50000 lat_p99_us=50000 node_fsync_calls=297 node_fsync_ms=1127 lsm_stats=[NA]
file p=64 rep=3 n=4000 ms=1641.0 ms_per_write=0.410 qps=2438 verify=[verified 4000 missing 0] logdir_bytes=688887 open_ms_max=38 fsync_calls=NA fsync_us_total=NA lat_p50_us=50000 lat_p99_us=50000 node_fsync_calls=297 node_fsync_ms=821 lsm_stats=[NA]
lsm p=64 rep=3 n=4000 ms=1672.3 ms_per_write=0.418 qps=2392 verify=[verified 4000 missing 0] logdir_bytes=842856 open_ms_max=65 fsync_calls=NA fsync_us_total=NA lat_p50_us=50000 lat_p99_us=50000 node_fsync_calls=295 node_fsync_ms=799 lsm_stats=[lsm_l0_files=0 lsm_sst_files=0 lsm_sst_bytes=0 lsm_wal_bytes=326354 lsm_flush_started=0 lsm_flush_done=0 lsm_flush_failed=0 lsm_stall_events=0 lsm_stall_ms=0 lsm_wal_rotations=0 lsm_compaction_rounds=0 lsm_compaction_max_ms=0 lsm_flush_write_bytes=0 lsm_compact_write_bytes=0 lsm_user_bytes=233847 ]

## 逐 (arm,pipeline) 中位数对照  old_p50/old_p99  ->  new_p50/new_p99/new_max
# NOTE: base 臂跑的是 ~/raft-kv 的旧二进制（未动），其 p50/p99 仍受旧桶限制、且没有 max 字段
NEW base 1 p50_med=20000 p99_med=20000 max_seen=NA reps=3
NEW base 64 p50_med=50000 p99_med=50000 max_seen=NA reps=3
NEW base 8 p50_med=20000 p99_med=50000 max_seen=NA reps=3
NEW file 1 p50_med=10000 p99_med=20000 max_seen=26095 reps=3
NEW file 64 p50_med=50000 p99_med=50000 max_seen=82950 reps=3
NEW file 8 p50_med=20000 p99_med=50000 max_seen=30936 reps=3
NEW lsm 1 p50_med=10000 p99_med=20000 max_seen=26620 reps=3
NEW lsm 64 p50_med=50000 p99_med=50000 max_seen=63333 reps=3
NEW lsm 8 p50_med=20000 p99_med=50000 max_seen=28821 reps=3
OLD base 1 p50_med=10000 p99_med=20000 max_seen= reps=3
OLD base 64 p50_med=50000 p99_med=50000 max_seen= reps=3
OLD base 8 p50_med=20000 p99_med=50000 max_seen= reps=3
OLD file 1 p50_med=10000 p99_med=20000 max_seen= reps=3
OLD file 64 p50_med=50000 p99_med=50000 max_seen= reps=3
OLD file 8 p50_med=20000 p99_med=50000 max_seen= reps=3
OLD lsm 1 p50_med=10000 p99_med=20000 max_seen= reps=3
OLD lsm 64 p50_med=50000 p99_med=50000 max_seen= reps=3
OLD lsm 8 p50_med=20000 p99_med=50000 max_seen= reps=3
