# M6.10.4 N7 footprint re-run (scripts/bench_m6_footprint.sh, --engine lsm, threshold 2000, pipeline 64)
# steps are cumulative stable points 25000/50000/100000/200000 (+ post-restart)
# bins: build-b1 (b1bd050), build-m69-release (f06a44d), build-m610-release (51c4672)

## label=b1bd050
STEP label=b1bd050 n=25000 tag=pre-restart node=1 stable=yes samples=3 leaf_bytes=1834519 files=[CURRENT:2,MANIFEST-000004:84,000002.log:835595,LOCK:0,000003.sst:994742] lsm_wal_bytes=835595 lsm_sst_bytes=994742 lsm_flush_done=1 lsm_compaction_rounds=0
STEP label=b1bd050 n=25000 tag=pre-restart node=2 stable=yes samples=3 leaf_bytes=1835344 files=[CURRENT:2,MANIFEST-000004:84,000002.log:836420,LOCK:0,000003.sst:994742] lsm_wal_bytes=836420 lsm_sst_bytes=994742 lsm_flush_done=1 lsm_compaction_rounds=0
STEP label=b1bd050 n=25000 tag=pre-restart node=3 stable=yes samples=3 leaf_bytes=2049833 files=[CURRENT:2,MANIFEST-000004:84,000002.log:1048368,LOCK:0,000003.sst:997283] lsm_wal_bytes=1048368 lsm_sst_bytes=997283 lsm_flush_done=1 lsm_compaction_rounds=0
SUMMARY label=b1bd050 n=25000 max_leaf_bytes=2049833
STEP label=b1bd050 n=50000 tag=pre-restart node=1 stable=yes samples=3 leaf_bytes=3727424 files=[000006.sst:979651,CURRENT:2,MANIFEST-000004:260,000008.sst:923054,LOCK:0,000003.sst:994742,000007.log:825619] lsm_wal_bytes=825619 lsm_sst_bytes=2897447 lsm_flush_done=3 lsm_compaction_rounds=0
STEP label=b1bd050 n=50000 tag=pre-restart node=2 stable=yes samples=3 leaf_bytes=3729232 files=[000006.sst:985961,CURRENT:2,MANIFEST-000004:260,000008.sst:922304,LOCK:0,000003.sst:994742,000007.log:821867] lsm_wal_bytes=821867 lsm_sst_bytes=2903007 lsm_flush_done=3 lsm_compaction_rounds=0
STEP label=b1bd050 n=50000 tag=pre-restart node=3 stable=yes samples=3 leaf_bytes=3940984 files=[000006.sst:974817,CURRENT:2,MANIFEST-000004:260,000008.sst:924087,LOCK:0,000003.sst:997283,000007.log:1040439] lsm_wal_bytes=1040439 lsm_sst_bytes=2896187 lsm_flush_done=3 lsm_compaction_rounds=0
SUMMARY label=b1bd050 n=50000 max_leaf_bytes=3940984
STEP label=b1bd050 n=100000 tag=pre-restart node=1 stable=yes samples=3 leaf_bytes=4038045 files=[000013.sst:918752,000018.log:68060,CURRENT:2,MANIFEST-000004:827,000015.sst:929568,000020.sst:133540,LOCK:0,000011.sst:130483,000019.sst:926400,000017.sst:926317] lsm_wal_bytes=68060 lsm_sst_bytes=133540 lsm_flush_done=8 lsm_compaction_rounds=2
STEP label=b1bd050 n=100000 tag=pre-restart node=2 stable=yes samples=3 leaf_bytes=4035838 files=[000013.sst:918270,000018.log:49378,CURRENT:2,MANIFEST-000004:827,000015.sst:933072,000020.sst:136027,LOCK:0,000011.sst:131402,000019.sst:927949,000017.sst:934815] lsm_wal_bytes=49378 lsm_sst_bytes=136027 lsm_flush_done=8 lsm_compaction_rounds=2
STEP label=b1bd050 n=100000 tag=pre-restart node=3 stable=yes samples=3 leaf_bytes=4044921 files=[000013.sst:922842,000018.log:63723,CURRENT:2,MANIFEST-000004:827,000015.sst:932304,000020.sst:131247,LOCK:0,000011.sst:130665,000019.sst:922543,000017.sst:936672] lsm_wal_bytes=63723 lsm_sst_bytes=131247 lsm_flush_done=8 lsm_compaction_rounds=2
SUMMARY label=b1bd050 n=100000 max_leaf_bytes=4044921
STEP label=b1bd050 n=200000 tag=pre-restart node=1 stable=yes samples=3 leaf_bytes=4254584 files=[000037.sst:931767,000029.sst:134090,CURRENT:2,MANIFEST-000004:1657,000035.sst:924587,LOCK:0,000031.sst:928503,000038.sst:134900,000033.sst:927781,000036.log:267201] lsm_wal_bytes=267201 lsm_sst_bytes=134900 lsm_flush_done=16 lsm_compaction_rounds=4
STEP label=b1bd050 n=200000 tag=pre-restart node=2 stable=yes samples=3 leaf_bytes=4294873 files=[000037.sst:921759,000029.sst:127451,CURRENT:2,MANIFEST-000004:1653,000035.sst:938020,LOCK:0,000031.sst:938983,000038.sst:132358,000033.sst:927873,000036.log:302678] lsm_wal_bytes=302678 lsm_sst_bytes=132358 lsm_flush_done=16 lsm_compaction_rounds=4
STEP label=b1bd050 n=200000 tag=pre-restart node=3 stable=yes samples=3 leaf_bytes=4241740 files=[000037.sst:931794,000029.sst:131495,CURRENT:2,MANIFEST-000004:1653,000035.sst:930552,LOCK:0,000031.sst:930544,000038.sst:138006,000033.sst:937017,000036.log:236581] lsm_wal_bytes=236581 lsm_sst_bytes=138006 lsm_flush_done=16 lsm_compaction_rounds=4
SUMMARY label=b1bd050 n=200000 max_leaf_bytes=4294873
STEP label=b1bd050 n=198775 tag=post-restart node=1 stable=yes samples=3 leaf_bytes=407967 files=[CURRENT:2,MANIFEST-000004:1657,LOCK:0,000038.sst:134900,000036.log:267312] lsm_wal_bytes=267312 lsm_sst_bytes=134900 lsm_flush_done=0 lsm_compaction_rounds=0
STEP label=b1bd050 n=198775 tag=post-restart node=2 stable=yes samples=3 leaf_bytes=440898 files=[CURRENT:2,MANIFEST-000004:1653,LOCK:0,000038.sst:132358,000036.log:302789] lsm_wal_bytes=302789 lsm_sst_bytes=132358 lsm_flush_done=0 lsm_compaction_rounds=0
STEP label=b1bd050 n=198775 tag=post-restart node=3 stable=yes samples=3 leaf_bytes=380449 files=[CURRENT:2,MANIFEST-000004:1653,LOCK:0,000038.sst:138006,000036.log:236692] lsm_wal_bytes=236692 lsm_sst_bytes=138006 lsm_flush_done=0 lsm_compaction_rounds=0
SUMMARY label=b1bd050 n=198775 max_leaf_bytes_post_restart=440898

## label=f06a44d
STEP label=f06a44d n=25000 tag=pre-restart node=1 stable=yes samples=3 leaf_bytes=1835783 files=[CURRENT:2,MANIFEST-000004:84,000002.log:835877,LOCK:0,000003.sst:995724] lsm_wal_bytes=835877 lsm_sst_bytes=995724 lsm_flush_done=1 lsm_compaction_rounds=0
STEP label=f06a44d n=25000 tag=pre-restart node=2 stable=yes samples=3 leaf_bytes=1835863 files=[CURRENT:2,MANIFEST-000004:84,000002.log:835426,LOCK:0,000003.sst:996255] lsm_wal_bytes=835426 lsm_sst_bytes=996255 lsm_flush_done=1 lsm_compaction_rounds=0
STEP label=f06a44d n=25000 tag=pre-restart node=3 stable=yes samples=3 leaf_bytes=2051439 files=[CURRENT:2,MANIFEST-000004:84,000002.log:1048322,LOCK:0,000003.sst:998935] lsm_wal_bytes=1048322 lsm_sst_bytes=998935 lsm_flush_done=1 lsm_compaction_rounds=0
SUMMARY label=f06a44d n=25000 max_leaf_bytes=2051439
STEP label=f06a44d n=50000 tag=pre-restart node=1 stable=yes samples=3 leaf_bytes=3726159 files=[000006.sst:974046,CURRENT:2,MANIFEST-000004:260,000008.sst:918667,LOCK:0,000003.sst:995724,000007.log:833364] lsm_wal_bytes=833364 lsm_sst_bytes=2888437 lsm_flush_done=3 lsm_compaction_rounds=0
STEP label=f06a44d n=50000 tag=pre-restart node=2 stable=yes samples=3 leaf_bytes=3725939 files=[000006.sst:973477,CURRENT:2,MANIFEST-000004:260,000008.sst:914686,LOCK:0,000003.sst:996255,000007.log:837163] lsm_wal_bytes=837163 lsm_sst_bytes=2884418 lsm_flush_done=3 lsm_compaction_rounds=0
STEP label=f06a44d n=50000 tag=pre-restart node=3 stable=yes samples=3 leaf_bytes=3940360 files=[000006.sst:975230,CURRENT:2,MANIFEST-000004:260,000008.sst:923415,LOCK:0,000003.sst:998935,000007.log:1038422] lsm_wal_bytes=1038422 lsm_sst_bytes=2897580 lsm_flush_done=3 lsm_compaction_rounds=0
SUMMARY label=f06a44d n=50000 max_leaf_bytes=3940360
STEP label=f06a44d n=100000 tag=pre-restart node=1 stable=yes samples=3 leaf_bytes=4044045 files=[000013.sst:915796,000018.log:81385,CURRENT:2,MANIFEST-000004:827,000015.sst:924536,000020.sst:135341,LOCK:0,000011.sst:127771,000019.sst:928762,000017.sst:925529] lsm_wal_bytes=81385 lsm_sst_bytes=135341 lsm_flush_done=8 lsm_compaction_rounds=2
STEP label=f06a44d n=100000 tag=pre-restart node=2 stable=yes samples=3 leaf_bytes=4044373 files=[000013.sst:915796,000018.log:77070,CURRENT:2,MANIFEST-000004:827,000015.sst:925129,000020.sst:134532,LOCK:0,000011.sst:127771,000019.sst:926961,000017.sst:932189] lsm_wal_bytes=77070 lsm_sst_bytes=134532 lsm_flush_done=8 lsm_compaction_rounds=2
STEP label=f06a44d n=100000 tag=pre-restart node=3 stable=yes samples=3 leaf_bytes=4053719 files=[000013.sst:923738,000018.log:82383,CURRENT:2,MANIFEST-000004:827,000015.sst:929295,000020.sst:131677,LOCK:0,000011.sst:130055,000019.sst:920454,000017.sst:931192] lsm_wal_bytes=82383 lsm_sst_bytes=131677 lsm_flush_done=8 lsm_compaction_rounds=2
SUMMARY label=f06a44d n=100000 max_leaf_bytes=4053719
STEP label=f06a44d n=200000 tag=pre-restart node=1 stable=yes samples=3 leaf_bytes=4339380 files=[000037.sst:924947,000029.sst:134654,CURRENT:2,MANIFEST-000004:1657,000035.sst:926306,LOCK:0,000031.sst:931069,000038.sst:130727,000033.sst:935236,000036.log:350686] lsm_wal_bytes=350686 lsm_sst_bytes=130727 lsm_flush_done=16 lsm_compaction_rounds=4
STEP label=f06a44d n=200000 tag=pre-restart node=2 stable=yes samples=3 leaf_bytes=4274455 files=[000037.sst:933794,000029.sst:134654,CURRENT:2,MANIFEST-000004:1657,000035.sst:924261,LOCK:0,000031.sst:931069,000038.sst:137574,000033.sst:935236,000036.log:272112] lsm_wal_bytes=272112 lsm_sst_bytes=137574 lsm_flush_done=16 lsm_compaction_rounds=4
STEP label=f06a44d n=200000 tag=pre-restart node=3 stable=yes samples=3 leaf_bytes=4246879 files=[000037.sst:949224,000029.sst:130610,CURRENT:2,MANIFEST-000004:1657,000035.sst:929370,LOCK:0,000031.sst:924492,000038.sst:140430,000033.sst:925296,000036.log:241702] lsm_wal_bytes=241702 lsm_sst_bytes=140430 lsm_flush_done=16 lsm_compaction_rounds=4
SUMMARY label=f06a44d n=200000 max_leaf_bytes=4339380
STEP label=f06a44d n=198133 tag=post-restart node=1 stable=yes samples=3 leaf_bytes=487279 files=[CURRENT:2,MANIFEST-000004:1657,LOCK:0,000038.sst:130727,000036.log:350797] lsm_wal_bytes=350797 lsm_sst_bytes=130727 lsm_flush_done=0 lsm_compaction_rounds=0
STEP label=f06a44d n=198133 tag=post-restart node=2 stable=yes samples=3 leaf_bytes=415552 files=[CURRENT:2,MANIFEST-000004:1657,LOCK:0,000038.sst:137574,000036.log:272223] lsm_wal_bytes=272223 lsm_sst_bytes=137574 lsm_flush_done=0 lsm_compaction_rounds=0
STEP label=f06a44d n=198133 tag=post-restart node=3 stable=yes samples=3 leaf_bytes=387998 files=[CURRENT:2,MANIFEST-000004:1657,LOCK:0,000038.sst:140430,000036.log:241813] lsm_wal_bytes=241813 lsm_sst_bytes=140430 lsm_flush_done=0 lsm_compaction_rounds=0
SUMMARY label=f06a44d n=198133 max_leaf_bytes_post_restart=487279

## label=51c4672
STEP label=51c4672 n=25000 tag=pre-restart node=1 stable=yes samples=3 leaf_bytes=1834794 files=[CURRENT:2,MANIFEST-000004:84,000002.log:831671,LOCK:0,000003.sst:998941] lsm_wal_bytes=831671 lsm_sst_bytes=998941 lsm_flush_done=1 lsm_compaction_rounds=0
STEP label=51c4672 n=25000 tag=pre-restart node=2 stable=yes samples=3 leaf_bytes=1834817 files=[CURRENT:2,MANIFEST-000004:84,000002.log:831671,LOCK:0,000003.sst:998964] lsm_wal_bytes=831671 lsm_sst_bytes=998964 lsm_flush_done=1 lsm_compaction_rounds=0
STEP label=51c4672 n=25000 tag=pre-restart node=3 stable=yes samples=3 leaf_bytes=2050512 files=[CURRENT:2,MANIFEST-000004:84,000002.log:1047900,LOCK:0,000003.sst:998430] lsm_wal_bytes=1047900 lsm_sst_bytes=998430 lsm_flush_done=1 lsm_compaction_rounds=0
SUMMARY label=51c4672 n=25000 max_leaf_bytes=2050512
STEP label=51c4672 n=50000 tag=pre-restart node=1 stable=yes samples=3 leaf_bytes=3724269 files=[000006.sst:971266,CURRENT:2,MANIFEST-000004:260,000008.sst:916900,LOCK:0,000003.sst:998941,000007.log:832804] lsm_wal_bytes=832804 lsm_sst_bytes=2887107 lsm_flush_done=3 lsm_compaction_rounds=0
STEP label=51c4672 n=50000 tag=pre-restart node=2 stable=yes samples=3 leaf_bytes=3724292 files=[000006.sst:971266,CURRENT:2,MANIFEST-000004:260,000008.sst:916900,LOCK:0,000003.sst:998964,000007.log:832804] lsm_wal_bytes=832804 lsm_sst_bytes=2887130 lsm_flush_done=3 lsm_compaction_rounds=0
STEP label=51c4672 n=50000 tag=pre-restart node=3 stable=yes samples=3 leaf_bytes=3938747 files=[000006.sst:980676,CURRENT:2,MANIFEST-000004:260,000008.sst:925055,LOCK:0,000003.sst:998430,000007.log:1030228] lsm_wal_bytes=1030228 lsm_sst_bytes=2904161 lsm_flush_done=3 lsm_compaction_rounds=0
SUMMARY label=51c4672 n=50000 max_leaf_bytes=3938747
STEP label=51c4672 n=100000 tag=pre-restart node=1 stable=yes samples=3 leaf_bytes=4044057 files=[000013.sst:911905,000018.log:80373,CURRENT:2,MANIFEST-000004:827,000015.sst:925242,000020.sst:135278,LOCK:0,000011.sst:132137,000019.sst:926520,000017.sst:927677] lsm_wal_bytes=80373 lsm_sst_bytes=135278 lsm_flush_done=8 lsm_compaction_rounds=2
STEP label=51c4672 n=100000 tag=pre-restart node=2 stable=yes samples=3 leaf_bytes=4043979 files=[000013.sst:911905,000018.log:80373,CURRENT:2,MANIFEST-000004:827,000015.sst:921322,000020.sst:135278,LOCK:0,000011.sst:132137,000019.sst:926520,000017.sst:931519] lsm_wal_bytes=80373 lsm_sst_bytes=135278 lsm_flush_done=8 lsm_compaction_rounds=2
STEP label=51c4672 n=100000 tag=pre-restart node=3 stable=yes samples=3 leaf_bytes=4037903 files=[000013.sst:923068,000018.log:62156,CURRENT:2,MANIFEST-000004:827,000015.sst:927200,000020.sst:130795,LOCK:0,000011.sst:131380,000019.sst:930061,000017.sst:928318] lsm_wal_bytes=62156 lsm_sst_bytes=130795 lsm_flush_done=8 lsm_compaction_rounds=2
SUMMARY label=51c4672 n=100000 max_leaf_bytes=4044057
STEP label=51c4672 n=200000 tag=pre-restart node=1 stable=yes samples=3 leaf_bytes=4342876 files=[000037.sst:931493,000029.sst:134287,CURRENT:2,MANIFEST-000004:1657,000035.sst:932253,LOCK:0,000031.sst:923739,000038.sst:136460,000033.sst:930072,000036.log:348817] lsm_wal_bytes=348817 lsm_sst_bytes=136460 lsm_flush_done=16 lsm_compaction_rounds=4
STEP label=51c4672 n=200000 tag=pre-restart node=2 stable=yes samples=3 leaf_bytes=4273031 files=[000037.sst:933163,000029.sst:134287,CURRENT:2,MANIFEST-000004:1657,000035.sst:932253,LOCK:0,000031.sst:923739,000038.sst:138133,000033.sst:930072,000036.log:275629] lsm_wal_bytes=275629 lsm_sst_bytes=138133 lsm_flush_done=16 lsm_compaction_rounds=4
STEP label=51c4672 n=200000 tag=pre-restart node=3 stable=yes samples=3 leaf_bytes=4238945 files=[000037.sst:941389,000029.sst:132045,CURRENT:2,MANIFEST-000004:1657,000035.sst:932189,LOCK:0,000031.sst:936843,000038.sst:140818,000033.sst:930017,000036.log:219889] lsm_wal_bytes=219889 lsm_sst_bytes=140818 lsm_flush_done=16 lsm_compaction_rounds=4
SUMMARY label=51c4672 n=200000 max_leaf_bytes=4342876
STEP label=51c4672 n=198077 tag=post-restart node=1 stable=yes samples=3 leaf_bytes=491182 files=[CURRENT:2,MANIFEST-000004:1657,LOCK:0,000038.sst:136460,000036.log:348967] lsm_wal_bytes=348967 lsm_sst_bytes=136460 lsm_flush_done=0 lsm_compaction_rounds=0
STEP label=51c4672 n=198077 tag=post-restart node=2 stable=yes samples=3 leaf_bytes=419628 files=[CURRENT:2,MANIFEST-000004:1657,LOCK:0,000038.sst:138133,000036.log:275740] lsm_wal_bytes=275740 lsm_sst_bytes=138133 lsm_flush_done=0 lsm_compaction_rounds=0
STEP label=51c4672 n=198077 tag=post-restart node=3 stable=yes samples=3 leaf_bytes=366573 files=[CURRENT:2,MANIFEST-000004:1657,LOCK:0,000038.sst:140818,000036.log:220000] lsm_wal_bytes=220000 lsm_sst_bytes=140818 lsm_flush_done=0 lsm_compaction_rounds=0
SUMMARY label=51c4672 n=198077 max_leaf_bytes_post_restart=491182
