# M6.10.4 M5-C attribution: EXACT gate M5-C command alternately on pristine (f06a44d) and fixed (51c4672)
# bash scripts/bench_lsm.sh --dataset 20000 --value-size 100 --batch 1 --pipeline 1 --sync 0 --filter on --repeats 2 --warmup 1000 --write-buffer-size 16777216 --ampl-write-buffer-size 262144
# criteria untouched; no retries; no script edits

## per-run rows (series 1, 3 alternating pairs)
pristine 1 1  raw1_us=11 raw2_us=28 raw3_us=0 repro_ok=0 raw1_us=14 raw2_us=32 raw3_us=0 repro_ok=0
fixed 1 0 1 raw1_us=28 raw2_us=28 raw3_us=0 repro_ok=1 raw1_us=32 raw2_us=32 raw3_us=0 repro_ok=1
pristine 2 1  raw1_us=10 raw2_us=28 raw3_us=0 repro_ok=0 raw1_us=14 raw2_us=33 raw3_us=0 repro_ok=0
fixed 2 0 1 raw1_us=28 raw2_us=28 raw3_us=0 repro_ok=1 raw1_us=31 raw2_us=32 raw3_us=0 repro_ok=1
pristine 3 1  raw1_us=12 raw2_us=28 raw3_us=0 repro_ok=0 raw1_us=14 raw2_us=33 raw3_us=0 repro_ok=0
fixed 3 1  raw1_us=28 raw2_us=28 raw3_us=0 repro_ok=1 raw1_us=33 raw2_us=31 raw3_us=0 repro_ok=1

## raw run lines
TREE=pristine run=1 rc=1 BENCH_REPRO_OK= | seq_write[raw1_us=11 raw2_us=28 raw3_us=0 repro_ok=0] rand_write[raw1_us=14 raw2_us=32 raw3_us=0 repro_ok=0]
TREE=fixed run=1 rc=0 BENCH_REPRO_OK=1 | seq_write[raw1_us=28 raw2_us=28 raw3_us=0 repro_ok=1] rand_write[raw1_us=32 raw2_us=32 raw3_us=0 repro_ok=1]
TREE=pristine run=2 rc=1 BENCH_REPRO_OK= | seq_write[raw1_us=10 raw2_us=28 raw3_us=0 repro_ok=0] rand_write[raw1_us=14 raw2_us=33 raw3_us=0 repro_ok=0]
TREE=fixed run=2 rc=0 BENCH_REPRO_OK=1 | seq_write[raw1_us=28 raw2_us=28 raw3_us=0 repro_ok=1] rand_write[raw1_us=31 raw2_us=32 raw3_us=0 repro_ok=1]
TREE=pristine run=3 rc=1 BENCH_REPRO_OK= | seq_write[raw1_us=12 raw2_us=28 raw3_us=0 repro_ok=0] rand_write[raw1_us=14 raw2_us=33 raw3_us=0 repro_ok=0]
TREE=fixed run=3 rc=1 BENCH_REPRO_OK= | seq_write[raw1_us=28 raw2_us=28 raw3_us=0 repro_ok=1] rand_write[raw1_us=33 raw2_us=31 raw3_us=0 repro_ok=1]
M5C_ALT_DONE

## fixed run 3 rc=1 root cause (seq_read cell throughput/P99 variance, NOT the write cells)
[FAIL] BENCH_REPRO_OK 0：--repeats 2 下 engine=lsm 的格吞吐/P99 差异超过 --repro-tol 0.25,0.50
CELL name=seq_read engine=lsm dataset=20000 value_size=100 key_dist=seq batch=1 pipeline=1 sync=0 filter=1 repeat=2 THROUGHPUT=48047.817 LATENCY=18 P99=113 p999_us=340 min_us=5 max_us=1828 latency_unit=op verify=lsm missing=0 mismatch=0 durability=none raw1_us=18 raw2_us=18 raw3_us=0 repro_ok=0

## series 2: 6 alternating pairs (per-cell repro_ok)
pristine 1 rc=1 | seq_write[raw1_us=11 raw2_us=29 raw3_us=0 repro_ok=0] | rand_write[raw1_us=14 raw2_us=33 raw3_us=0 repro_ok=0] | seq_read[raw1_us=19 raw2_us=18 raw3_us=0 repro_ok=1] | rand_read[raw1_us=20 raw2_us=20 raw3_us=0 repro_ok=1]
fixed 1 rc=0 | seq_write[raw1_us=28 raw2_us=28 raw3_us=0 repro_ok=1] | rand_write[raw1_us=31 raw2_us=32 raw3_us=0 repro_ok=1] | seq_read[raw1_us=18 raw2_us=18 raw3_us=0 repro_ok=1] | rand_read[raw1_us=20 raw2_us=20 raw3_us=0 repro_ok=1]
pristine 2 rc=1 | seq_write[raw1_us=11 raw2_us=28 raw3_us=0 repro_ok=0] | rand_write[raw1_us=13 raw2_us=32 raw3_us=0 repro_ok=0] | seq_read[raw1_us=19 raw2_us=18 raw3_us=0 repro_ok=1] | rand_read[raw1_us=19 raw2_us=20 raw3_us=0 repro_ok=1]
fixed 2 rc=0 | seq_write[raw1_us=28 raw2_us=28 raw3_us=0 repro_ok=1] | rand_write[raw1_us=32 raw2_us=32 raw3_us=0 repro_ok=1] | seq_read[raw1_us=18 raw2_us=18 raw3_us=0 repro_ok=1] | rand_read[raw1_us=20 raw2_us=20 raw3_us=0 repro_ok=1]
pristine 3 rc=1 | seq_write[raw1_us=11 raw2_us=28 raw3_us=0 repro_ok=0] | rand_write[raw1_us=13 raw2_us=32 raw3_us=0 repro_ok=0] | seq_read[raw1_us=18 raw2_us=18 raw3_us=0 repro_ok=1] | rand_read[raw1_us=20 raw2_us=20 raw3_us=0 repro_ok=1]
fixed 3 rc=0 | seq_write[raw1_us=28 raw2_us=28 raw3_us=0 repro_ok=1] | rand_write[raw1_us=32 raw2_us=32 raw3_us=0 repro_ok=1] | seq_read[raw1_us=18 raw2_us=18 raw3_us=0 repro_ok=1] | rand_read[raw1_us=20 raw2_us=20 raw3_us=0 repro_ok=1]
pristine 4 rc=1 | seq_write[raw1_us=11 raw2_us=28 raw3_us=0 repro_ok=0] | rand_write[raw1_us=13 raw2_us=32 raw3_us=0 repro_ok=0] | seq_read[raw1_us=18 raw2_us=18 raw3_us=0 repro_ok=1] | rand_read[raw1_us=20 raw2_us=20 raw3_us=0 repro_ok=1]
fixed 4 rc=0 | seq_write[raw1_us=28 raw2_us=28 raw3_us=0 repro_ok=1] | rand_write[raw1_us=32 raw2_us=32 raw3_us=0 repro_ok=1] | seq_read[raw1_us=18 raw2_us=18 raw3_us=0 repro_ok=1] | rand_read[raw1_us=20 raw2_us=20 raw3_us=0 repro_ok=1]
pristine 5 rc=1 | seq_write[raw1_us=11 raw2_us=28 raw3_us=0 repro_ok=0] | rand_write[raw1_us=14 raw2_us=33 raw3_us=0 repro_ok=0] | seq_read[raw1_us=18 raw2_us=18 raw3_us=0 repro_ok=1] | rand_read[raw1_us=20 raw2_us=20 raw3_us=0 repro_ok=1]
fixed 5 rc=0 | seq_write[raw1_us=28 raw2_us=28 raw3_us=0 repro_ok=1] | rand_write[raw1_us=32 raw2_us=32 raw3_us=0 repro_ok=1] | seq_read[raw1_us=18 raw2_us=18 raw3_us=0 repro_ok=1] | rand_read[raw1_us=20 raw2_us=20 raw3_us=0 repro_ok=1]
pristine 6 rc=1 | seq_write[raw1_us=11 raw2_us=28 raw3_us=0 repro_ok=0] | rand_write[raw1_us=13 raw2_us=32 raw3_us=0 repro_ok=0] | seq_read[raw1_us=18 raw2_us=18 raw3_us=0 repro_ok=1] | rand_read[raw1_us=19 raw2_us=20 raw3_us=0 repro_ok=1]
fixed 6 rc=0 | seq_write[raw1_us=28 raw2_us=28 raw3_us=0 repro_ok=1] | rand_write[raw1_us=32 raw2_us=32 raw3_us=0 repro_ok=1] | seq_read[raw1_us=18 raw2_us=18 raw3_us=0 repro_ok=1] | rand_read[raw1_us=20 raw2_us=20 raw3_us=0 repro_ok=1]
