# M6.10.5 (4) 最终树收尾验收 —— 汇总（每条都是已求值的结果行）
# 最终树 = raft-kv-lsm @ 5a5b3bd + lsm pin /tmp/lsm-pin-51c4672
#   lsm 仓另有事后 tests-only 提交 0361e48；引擎代码与 51c4672 逐字节相同，故门禁与 A/B 口径不变。
# 生成时间: 2026-10-02T22:08:29+08:00
# 分阶段原始日志: m6.10.5-final-*.log（同目录）

## Release 干净重建
rel_build_rc=0 warn=0 err=0
[  PASSED  ] 165 tests.
raftkv_tests(M1): all tests passed (13)

## ASan 全量
asan_rc=0 reports=0 warn=0
[  PASSED  ] 165 tests.

## TSan 双口径
canonical: rc=0 warn=0 race=0
[  PASSED  ] 161 tests.
no-supp:   rc=66 warn=16 race=0
      8 double lock of a mutex (pid=363407)
      8 lock-order-inversion (potential deadlock) (pid=363407)
[  PASSED  ] 161 tests.

## 四门禁（仓库脚本原样 lsm/lsm 10 轮）+ kill -9
e2e round 1 PASS
e2e round 2 PASS
e2e round 3 PASS
e2e round 4 PASS
e2e round 5 PASS
e2e round 6 PASS
e2e round 7 PASS
e2e round 8 PASS
e2e round 9 PASS
e2e round 10 PASS
### PHASE B: --log-engine lsm --state-engine mem (2 rounds)
mem e2e round 1 PASS
mem e2e round 2 PASS
FAIL_SUM=0
before kill -9: verify missing 0 OK (leader=3)
after kill -9: verify missing 0 OK (new leader=2)
kill9_verify: PASS

## raft_e2e 照原样 10 轮（逐轮、不 break）
E2E lsm/lsm round 1 rc=0 PASS
E2E lsm/lsm round 2 rc=0 PASS
E2E lsm/lsm round 3 rc=0 PASS
E2E lsm/lsm round 4 rc=0 PASS
E2E lsm/lsm round 5 rc=0 PASS
E2E lsm/lsm round 6 rc=0 PASS
E2E lsm/lsm round 7 rc=0 PASS
E2E lsm/lsm round 8 rc=0 PASS
E2E lsm/lsm round 9 rc=0 PASS
E2E lsm/lsm round 10 rc=0 PASS
E2E_SUMMARY total=10 pass=10 fail=0
E2E_DONE
