=== [1/5] Release 干净重建 ===
rel_build_rc=0 warn=0 err=0
rel_rc=0
[  PASSED  ] 165 tests.
rel_m1_rc=0
all tests passed (13)
=== [2/5] ASan ===
asan_build_rc=0 warn=0
asan_rc=0 reports=0
[  PASSED  ] 165 tests.
=== [3/5] TSan 双口径 ===
tsan_build_rc=0 warn=0
canon_rc=0 warn=0 race=0
[  PASSED  ] 161 tests.
nosupp_rc=66 warn=16 race=0
[  PASSED  ] 161 tests.
=== [4/5] 四门禁（仓库脚本原样 lsm/lsm 10 轮 + PHASE B）+ kill -9 ===
build_rc=0 warn=0
gates_rc=0
e2e round 1 PASS
e2e round 2 PASS
e2e round 3 PASS
e2e round 4 PASS
e2e round 5 PASS
e2e round 6 PASS
e2e round 7 PASS
e2e round 8 PASS
e2e round 9 PASS
e2e round 10 PASS
raft_fault rc=0
raft_snapshot_fault rc=0
raft_membership_fault rc=0
### PHASE B: --log-engine lsm --state-engine mem (2 rounds)
mem e2e round 1 PASS
mem e2e round 2 PASS
mem raft_fault rc=0
mem snapshot rc=0
mem membership rc=0
FAIL_SUM=0
kill9_rc=0
before kill -9: verify missing 0 OK (leader=3)
after kill -9: verify missing 0 OK (new leader=2)
kill9_verify: PASS
=== [5/5] raft_e2e 照原样 10 轮（逐轮，不 break）===
e2e10_rc=0
E2E lsm/lsm round 1 rc=0 PASS
E2E lsm/lsm round 2 rc=0 PASS
E2E lsm/lsm round 3 rc=0 PASS
E2E lsm/lsm round 4 rc=0 PASS
E2E lsm/lsm round 5 rc=0 PASS
E2E lsm/lsm round 6 rc=0 PASS
E2E lsm/lsm round 7 rc=0 PASS
E2E lsm/lsm round 8 rc=0 PASS
E2E lsm/lsm round 9 rc=0 PASS
E2E lsm/lsm round 10 rc=0 PASS
E2E_SUMMARY total=10 pass=10 fail=0
E2E_DONE
