# M6.10.4 three-arm A/B (scripts/bench_m6_ab.sh --repeats 3 --only base,file,lsm)
# base=/home/tengyujie/raft-kv/build/bin (remote baseline), file/lsm=build/bin (lsm pin 51c4672)
# raw rows:
base p=1 rep=1 n=1000 ms=8899.9 ms_per_write=8.900 qps=112 verify=[verified 1000 missing 0] logdir_bytes=193887 open_ms_max=41 fsync_calls=NA fsync_us_total=NA lat_p50_us=10000 lat_p99_us=20000 node_fsync_calls=1202 node_fsync_ms=2951 lsm_stats=[NA]
file p=1 rep=1 n=1000 ms=8966.8 ms_per_write=8.967 qps=112 verify=[verified 1000 missing 0] logdir_bytes=193887 open_ms_max=38 fsync_calls=NA fsync_us_total=NA lat_p50_us=10000 lat_p99_us=20000 node_fsync_calls=1202 node_fsync_ms=2850 lsm_stats=[NA]
lsm p=1 rep=1 n=1000 ms=8296.6 ms_per_write=8.297 qps=121 verify=[verified 1000 missing 0] logdir_bytes=289242 open_ms_max=40 fsync_calls=NA fsync_us_total=NA lat_p50_us=10000 lat_p99_us=20000 node_fsync_calls=1202 node_fsync_ms=2727 lsm_stats=[lsm_l0_files=0 lsm_sst_files=0 lsm_sst_bytes=0 lsm_wal_bytes=92305 lsm_flush_started=0 lsm_flush_done=0 lsm_flush_failed=0 lsm_stall_events=0 lsm_stall_ms=0 lsm_wal_rotations=0 lsm_compaction_rounds=0 lsm_compaction_max_ms=0 lsm_flush_write_bytes=0 lsm_compact_write_bytes=0 lsm_user_bytes=65847 ]
base p=1 rep=2 n=1000 ms=8755.7 ms_per_write=8.756 qps=114 verify=[verified 1000 missing 0] logdir_bytes=193887 open_ms_max=36 fsync_calls=NA fsync_us_total=NA lat_p50_us=10000 lat_p99_us=20000 node_fsync_calls=1202 node_fsync_ms=2912 lsm_stats=[NA]
file p=1 rep=2 n=1000 ms=8894.5 ms_per_write=8.895 qps=112 verify=[verified 1000 missing 0] logdir_bytes=193887 open_ms_max=37 fsync_calls=NA fsync_us_total=NA lat_p50_us=10000 lat_p99_us=20000 node_fsync_calls=1202 node_fsync_ms=2998 lsm_stats=[NA]
lsm p=1 rep=2 n=1000 ms=8376.0 ms_per_write=8.376 qps=119 verify=[verified 1000 missing 0] logdir_bytes=289242 open_ms_max=73 fsync_calls=NA fsync_us_total=NA lat_p50_us=10000 lat_p99_us=20000 node_fsync_calls=1202 node_fsync_ms=2855 lsm_stats=[lsm_l0_files=0 lsm_sst_files=0 lsm_sst_bytes=0 lsm_wal_bytes=92305 lsm_flush_started=0 lsm_flush_done=0 lsm_flush_failed=0 lsm_stall_events=0 lsm_stall_ms=0 lsm_wal_rotations=0 lsm_compaction_rounds=0 lsm_compaction_max_ms=0 lsm_flush_write_bytes=0 lsm_compact_write_bytes=0 lsm_user_bytes=65847 ]
base p=1 rep=3 n=1000 ms=7729.5 ms_per_write=7.729 qps=129 verify=[verified 1000 missing 0] logdir_bytes=193887 open_ms_max=52 fsync_calls=NA fsync_us_total=NA lat_p50_us=10000 lat_p99_us=20000 node_fsync_calls=1202 node_fsync_ms=2532 lsm_stats=[NA]
file p=1 rep=3 n=1000 ms=8223.6 ms_per_write=8.224 qps=122 verify=[verified 1000 missing 0] logdir_bytes=193887 open_ms_max=37 fsync_calls=NA fsync_us_total=NA lat_p50_us=10000 lat_p99_us=20000 node_fsync_calls=1202 node_fsync_ms=2731 lsm_stats=[NA]
lsm p=1 rep=3 n=1000 ms=8284.5 ms_per_write=8.284 qps=121 verify=[verified 1000 missing 0] logdir_bytes=289242 open_ms_max=74 fsync_calls=NA fsync_us_total=NA lat_p50_us=10000 lat_p99_us=20000 node_fsync_calls=1202 node_fsync_ms=2756 lsm_stats=[lsm_l0_files=0 lsm_sst_files=0 lsm_sst_bytes=0 lsm_wal_bytes=92305 lsm_flush_started=0 lsm_flush_done=0 lsm_flush_failed=0 lsm_stall_events=0 lsm_stall_ms=0 lsm_wal_rotations=0 lsm_compaction_rounds=0 lsm_compaction_max_ms=0 lsm_flush_write_bytes=0 lsm_compact_write_bytes=0 lsm_user_bytes=65847 ]
base p=8 rep=1 n=4000 ms=5903.5 ms_per_write=1.476 qps=678 verify=[verified 4000 missing 0] logdir_bytes=688887 open_ms_max=36 fsync_calls=NA fsync_us_total=NA lat_p50_us=20000 lat_p99_us=50000 node_fsync_calls=748 node_fsync_ms=1996 lsm_stats=[NA]
file p=8 rep=1 n=4000 ms=5918.1 ms_per_write=1.480 qps=676 verify=[verified 4000 missing 0] logdir_bytes=688887 open_ms_max=36 fsync_calls=NA fsync_us_total=NA lat_p50_us=20000 lat_p99_us=50000 node_fsync_calls=752 node_fsync_ms=1962 lsm_stats=[NA]
lsm p=8 rep=1 n=4000 ms=5732.8 ms_per_write=1.433 qps=698 verify=[verified 4000 missing 0] logdir_bytes=860260 open_ms_max=38 fsync_calls=NA fsync_us_total=NA lat_p50_us=20000 lat_p99_us=50000 node_fsync_calls=753 node_fsync_ms=1910 lsm_stats=[lsm_l0_files=0 lsm_sst_files=0 lsm_sst_bytes=0 lsm_wal_bytes=326354 lsm_flush_started=0 lsm_flush_done=0 lsm_flush_failed=0 lsm_stall_events=0 lsm_stall_ms=0 lsm_wal_rotations=0 lsm_compaction_rounds=0 lsm_compaction_max_ms=0 lsm_flush_write_bytes=0 lsm_compact_write_bytes=0 lsm_user_bytes=233847 ]
base p=8 rep=2 n=4000 ms=6045.3 ms_per_write=1.511 qps=662 verify=[verified 4000 missing 0] logdir_bytes=688887 open_ms_max=38 fsync_calls=NA fsync_us_total=NA lat_p50_us=20000 lat_p99_us=50000 node_fsync_calls=757 node_fsync_ms=2018 lsm_stats=[NA]
file p=8 rep=2 n=4000 ms=5924.0 ms_per_write=1.481 qps=675 verify=[verified 4000 missing 0] logdir_bytes=688887 open_ms_max=38 fsync_calls=NA fsync_us_total=NA lat_p50_us=20000 lat_p99_us=50000 node_fsync_calls=751 node_fsync_ms=1911 lsm_stats=[NA]
lsm p=8 rep=2 n=4000 ms=5830.6 ms_per_write=1.458 qps=686 verify=[verified 4000 missing 0] logdir_bytes=860257 open_ms_max=39 fsync_calls=NA fsync_us_total=NA lat_p50_us=20000 lat_p99_us=50000 node_fsync_calls=752 node_fsync_ms=1988 lsm_stats=[lsm_l0_files=0 lsm_sst_files=0 lsm_sst_bytes=0 lsm_wal_bytes=326354 lsm_flush_started=0 lsm_flush_done=0 lsm_flush_failed=0 lsm_stall_events=0 lsm_stall_ms=0 lsm_wal_rotations=0 lsm_compaction_rounds=0 lsm_compaction_max_ms=0 lsm_flush_write_bytes=0 lsm_compact_write_bytes=0 lsm_user_bytes=233847 ]
base p=8 rep=3 n=4000 ms=6049.3 ms_per_write=1.512 qps=661 verify=[verified 4000 missing 0] logdir_bytes=688887 open_ms_max=37 fsync_calls=NA fsync_us_total=NA lat_p50_us=20000 lat_p99_us=50000 node_fsync_calls=752 node_fsync_ms=2019 lsm_stats=[NA]
file p=8 rep=3 n=4000 ms=5879.1 ms_per_write=1.470 qps=680 verify=[verified 4000 missing 0] logdir_bytes=688887 open_ms_max=38 fsync_calls=NA fsync_us_total=NA lat_p50_us=20000 lat_p99_us=50000 node_fsync_calls=752 node_fsync_ms=1873 lsm_stats=[NA]
lsm p=8 rep=3 n=4000 ms=5911.8 ms_per_write=1.478 qps=677 verify=[verified 4000 missing 0] logdir_bytes=860223 open_ms_max=37 fsync_calls=NA fsync_us_total=NA lat_p50_us=20000 lat_p99_us=50000 node_fsync_calls=751 node_fsync_ms=1898 lsm_stats=[lsm_l0_files=0 lsm_sst_files=0 lsm_sst_bytes=0 lsm_wal_bytes=326354 lsm_flush_started=0 lsm_flush_done=0 lsm_flush_failed=0 lsm_stall_events=0 lsm_stall_ms=0 lsm_wal_rotations=0 lsm_compaction_rounds=0 lsm_compaction_max_ms=0 lsm_flush_write_bytes=0 lsm_compact_write_bytes=0 lsm_user_bytes=233847 ]
base p=64 rep=1 n=4000 ms=1627.5 ms_per_write=0.407 qps=2458 verify=[verified 4000 missing 0] logdir_bytes=688887 open_ms_max=40 fsync_calls=NA fsync_us_total=NA lat_p50_us=50000 lat_p99_us=50000 node_fsync_calls=296 node_fsync_ms=798 lsm_stats=[NA]
file p=64 rep=1 n=4000 ms=1555.3 ms_per_write=0.389 qps=2572 verify=[verified 4000 missing 0] logdir_bytes=688887 open_ms_max=40 fsync_calls=NA fsync_us_total=NA lat_p50_us=20000 lat_p99_us=50000 node_fsync_calls=290 node_fsync_ms=756 lsm_stats=[NA]
lsm p=64 rep=1 n=4000 ms=1795.7 ms_per_write=0.449 qps=2228 verify=[verified 4000 missing 0] logdir_bytes=843086 open_ms_max=39 fsync_calls=NA fsync_us_total=NA lat_p50_us=50000 lat_p99_us=50000 node_fsync_calls=299 node_fsync_ms=851 lsm_stats=[lsm_l0_files=0 lsm_sst_files=0 lsm_sst_bytes=0 lsm_wal_bytes=326354 lsm_flush_started=0 lsm_flush_done=0 lsm_flush_failed=0 lsm_stall_events=0 lsm_stall_ms=0 lsm_wal_rotations=0 lsm_compaction_rounds=0 lsm_compaction_max_ms=0 lsm_flush_write_bytes=0 lsm_compact_write_bytes=0 lsm_user_bytes=233847 ]
base p=64 rep=2 n=4000 ms=1616.6 ms_per_write=0.404 qps=2474 verify=[verified 4000 missing 0] logdir_bytes=688887 open_ms_max=35 fsync_calls=NA fsync_us_total=NA lat_p50_us=50000 lat_p99_us=50000 node_fsync_calls=292 node_fsync_ms=813 lsm_stats=[NA]
file p=64 rep=2 n=4000 ms=1674.1 ms_per_write=0.419 qps=2389 verify=[verified 4000 missing 0] logdir_bytes=688887 open_ms_max=35 fsync_calls=NA fsync_us_total=NA lat_p50_us=50000 lat_p99_us=50000 node_fsync_calls=293 node_fsync_ms=770 lsm_stats=[NA]
lsm p=64 rep=2 n=4000 ms=1659.3 ms_per_write=0.415 qps=2411 verify=[verified 4000 missing 0] logdir_bytes=842971 open_ms_max=84 fsync_calls=NA fsync_us_total=NA lat_p50_us=50000 lat_p99_us=50000 node_fsync_calls=297 node_fsync_ms=820 lsm_stats=[lsm_l0_files=0 lsm_sst_files=0 lsm_sst_bytes=0 lsm_wal_bytes=326354 lsm_flush_started=0 lsm_flush_done=0 lsm_flush_failed=0 lsm_stall_events=0 lsm_stall_ms=0 lsm_wal_rotations=0 lsm_compaction_rounds=0 lsm_compaction_max_ms=0 lsm_flush_write_bytes=0 lsm_compact_write_bytes=0 lsm_user_bytes=233847 ]
base p=64 rep=3 n=4000 ms=1789.6 ms_per_write=0.447 qps=2235 verify=[verified 4000 missing 0] logdir_bytes=688887 open_ms_max=37 fsync_calls=NA fsync_us_total=NA lat_p50_us=50000 lat_p99_us=50000 node_fsync_calls=297 node_fsync_ms=1127 lsm_stats=[NA]
file p=64 rep=3 n=4000 ms=1641.0 ms_per_write=0.410 qps=2438 verify=[verified 4000 missing 0] logdir_bytes=688887 open_ms_max=38 fsync_calls=NA fsync_us_total=NA lat_p50_us=50000 lat_p99_us=50000 node_fsync_calls=297 node_fsync_ms=821 lsm_stats=[NA]
lsm p=64 rep=3 n=4000 ms=1672.3 ms_per_write=0.418 qps=2392 verify=[verified 4000 missing 0] logdir_bytes=842856 open_ms_max=65 fsync_calls=NA fsync_us_total=NA lat_p50_us=50000 lat_p99_us=50000 node_fsync_calls=295 node_fsync_ms=799 lsm_stats=[lsm_l0_files=0 lsm_sst_files=0 lsm_sst_bytes=0 lsm_wal_bytes=326354 lsm_flush_started=0 lsm_flush_done=0 lsm_flush_failed=0 lsm_stall_events=0 lsm_stall_ms=0 lsm_wal_rotations=0 lsm_compaction_rounds=0 lsm_compaction_max_ms=0 lsm_flush_write_bytes=0 lsm_compact_write_bytes=0 lsm_user_bytes=233847 ]

# median summary (arm pipeline n median_qps median_ms_per_write):
MEDIAN arm=base p=1 n=1000 median_qps=114 median_ms_per_write=8.756
MEDIAN arm=base p=64 n=4000 median_qps=2458 median_ms_per_write=0.407
MEDIAN arm=base p=8 n=4000 median_qps=662 median_ms_per_write=1.511
MEDIAN arm=file p=1 n=1000 median_qps=112 median_ms_per_write=8.895
MEDIAN arm=file p=64 n=4000 median_qps=2438 median_ms_per_write=0.410
MEDIAN arm=file p=8 n=4000 median_qps=676 median_ms_per_write=1.480
MEDIAN arm=lsm p=1 n=1000 median_qps=121 median_ms_per_write=8.297
MEDIAN arm=lsm p=64 n=4000 median_qps=2392 median_ms_per_write=0.418
MEDIAN arm=lsm p=8 n=4000 median_qps=686 median_ms_per_write=1.458
