# M6.9.2 GREEN - full gtest suite (Release, incremental build)
# command: cd build && cmake .. && make -j8 && ./bin/raftkv_raft_tests
# build stderr warnings: none

[==========] Running 149 tests from 21 test suites.
[----------] Global test environment set-up.
[----------] 5 tests from RaftElection
[ RUN      ] RaftElection.SingleNodeBecomesLeader
[       OK ] RaftElection.SingleNodeBecomesLeader (0 ms)
[ RUN      ] RaftElection.OnlyOneLeaderPerTerm
[       OK ] RaftElection.OnlyOneLeaderPerTerm (0 ms)
[ RUN      ] RaftElection.SplitVoteResolvedByNextTimeout
[       OK ] RaftElection.SplitVoteResolvedByNextTimeout (0 ms)
[ RUN      ] RaftElection.VoteGrantedToUpToDateCandidate
[       OK ] RaftElection.VoteGrantedToUpToDateCandidate (0 ms)
[ RUN      ] RaftElection.TermAndVotePersistedBeforeReply
[       OK ] RaftElection.TermAndVotePersistedBeforeReply (0 ms)
[----------] 5 tests from RaftElection (0 ms total)

[----------] 3 tests from RaftLog
[ RUN      ] RaftLog.ReplicationAllLogsMatch
[       OK ] RaftLog.ReplicationAllLogsMatch (0 ms)
[ RUN      ] RaftLog.ConflictingSuffixTruncatedOnLeaderChange
[       OK ] RaftLog.ConflictingSuffixTruncatedOnLeaderChange (0 ms)
[ RUN      ] RaftLog.LaggingFollowerCatchesUp
[       OK ] RaftLog.LaggingFollowerCatchesUp (0 ms)
[----------] 3 tests from RaftLog (1 ms total)

[----------] 2 tests from RaftCommit
[ RUN      ] RaftCommit.CommitRequiresMajority
[       OK ] RaftCommit.CommitRequiresMajority (1000 ms)
[ RUN      ] RaftCommit.OldTermEntryNotCommittedByCount
[       OK ] RaftCommit.OldTermEntryNotCommittedByCount (51 ms)
[----------] 2 tests from RaftCommit (1052 ms total)

[----------] 1 test from ProposeStepDown
[ RUN      ] ProposeStepDown.ReturnsNotLeaderAfterStepDown
[       OK ] ProposeStepDown.ReturnsNotLeaderAfterStepDown (0 ms)
[----------] 1 test from ProposeStepDown (0 ms total)

[----------] 1 test from KvIdempotent
[ RUN      ] KvIdempotent.ApplyIsIdempotentOnRetry
[       OK ] KvIdempotent.ApplyIsIdempotentOnRetry (0 ms)
[----------] 1 test from KvIdempotent (0 ms total)

[----------] 10 tests from KvStateMachineContract
[ RUN      ] KvStateMachineContract.Empty
[       OK ] KvStateMachineContract.Empty (0 ms)
[ RUN      ] KvStateMachineContract.BasicOps
[       OK ] KvStateMachineContract.BasicOps (0 ms)
[ RUN      ] KvStateMachineContract.IdempotentSameIndex
[       OK ] KvStateMachineContract.IdempotentSameIndex (0 ms)
[ RUN      ] KvStateMachineContract.IdempotentHigherIndexKeepsData
[       OK ] KvStateMachineContract.IdempotentHigherIndexKeepsData (0 ms)
[ RUN      ] KvStateMachineContract.MarkersAdvanceApplied
[       OK ] KvStateMachineContract.MarkersAdvanceApplied (0 ms)
[ RUN      ] KvStateMachineContract.CanonicalState
[       OK ] KvStateMachineContract.CanonicalState (0 ms)
[ RUN      ] KvStateMachineContract.SnapshotDeterministic
[       OK ] KvStateMachineContract.SnapshotDeterministic (0 ms)
[ RUN      ] KvStateMachineContract.StreamMatchesSerialize
[       OK ] KvStateMachineContract.StreamMatchesSerialize (0 ms)
[ RUN      ] KvStateMachineContract.SnapshotRoundTrip
[       OK ] KvStateMachineContract.SnapshotRoundTrip (0 ms)
[ RUN      ] KvStateMachineContract.RestoreRejectsMalformed
[       OK ] KvStateMachineContract.RestoreRejectsMalformed (0 ms)
[----------] 10 tests from KvStateMachineContract (0 ms total)

[----------] 13 tests from LsmContract
[ RUN      ] LsmContract.Empty
[       OK ] LsmContract.Empty (5 ms)
[ RUN      ] LsmContract.BasicOps
[       OK ] LsmContract.BasicOps (3 ms)
[ RUN      ] LsmContract.IdempotentSameIndex
[       OK ] LsmContract.IdempotentSameIndex (6 ms)
[ RUN      ] LsmContract.IdempotentHigherIndexKeepsData
[       OK ] LsmContract.IdempotentHigherIndexKeepsData (7 ms)
[ RUN      ] LsmContract.MarkersAdvanceApplied
[       OK ] LsmContract.MarkersAdvanceApplied (7 ms)
[ RUN      ] LsmContract.CanonicalState
[       OK ] LsmContract.CanonicalState (7 ms)
[ RUN      ] LsmContract.SnapshotDeterministic
[       OK ] LsmContract.SnapshotDeterministic (9 ms)
[ RUN      ] LsmContract.StreamMatchesSerialize
[       OK ] LsmContract.StreamMatchesSerialize (4 ms)
[ RUN      ] LsmContract.SnapshotRoundTrip
[       OK ] LsmContract.SnapshotRoundTrip (5 ms)
[ RUN      ] LsmContract.RestoreRejectsMalformed
[       OK ] LsmContract.RestoreRejectsMalformed (9 ms)
[ RUN      ] LsmContract.CrossRestoreMemToLsm
[       OK ] LsmContract.CrossRestoreMemToLsm (8 ms)
[ RUN      ] LsmContract.CrossRestoreLsmToMem
[       OK ] LsmContract.CrossRestoreLsmToMem (8 ms)
[ RUN      ] LsmContract.SnapshotBytesIdenticalToMem
[       OK ] LsmContract.SnapshotBytesIdenticalToMem (7 ms)
[----------] 13 tests from LsmContract (94 ms total)

[----------] 4 tests from LsmCrash
[ RUN      ] LsmCrash.UncleanExitKeepsConsistentPrefix
[       OK ] LsmCrash.UncleanExitKeepsConsistentPrefix (9 ms)
[ RUN      ] LsmCrash.SyncBeforeExitKeepsAllDurable
[       OK ] LsmCrash.SyncBeforeExitKeepsAllDurable (16 ms)
[ RUN      ] LsmCrash.TornWalTailRecoversConsistentPrefix
[       OK ] LsmCrash.TornWalTailRecoversConsistentPrefix (23 ms)
[ RUN      ] LsmCrash.RestoreAtomicSurvivesReopen
[       OK ] LsmCrash.RestoreAtomicSurvivesReopen (15 ms)
[----------] 4 tests from LsmCrash (65 ms total)

[----------] 2 tests from FileLogStore
[ RUN      ] FileLogStore.RestartRestoresMetaAndLog
[       OK ] FileLogStore.RestartRestoresMetaAndLog (8 ms)
[ RUN      ] FileLogStore.TruncatesTornTail
[       OK ] FileLogStore.TruncatesTornTail (4 ms)
[----------] 2 tests from FileLogStore (13 ms total)

[----------] 21 tests from LsmLogStore
[ RUN      ] LsmLogStore.KeyEncodingIsBytewiseIndexOrdered
[       OK ] LsmLogStore.KeyEncodingIsBytewiseIndexOrdered (0 ms)
[ RUN      ] LsmLogStore.MetaKeyIsOutsideLogRange
[       OK ] LsmLogStore.MetaKeyIsOutsideLogRange (0 ms)
[ RUN      ] LsmLogStore.AppendIsDurableAndVisible
[       OK ] LsmLogStore.AppendIsDurableAndVisible (9 ms)
[ RUN      ] LsmLogStore.AppendNoSyncIsVisibleButSurvivesSync
[       OK ] LsmLogStore.AppendNoSyncIsVisibleButSurvivesSync (9 ms)
[ RUN      ] LsmLogStore.IdempotentAppendSameIndexSameTerm
[       OK ] LsmLogStore.IdempotentAppendSameIndexSameTerm (8 ms)
[ RUN      ] LsmLogStore.ConflictTruncateThenAppend
[       OK ] LsmLogStore.ConflictTruncateThenAppend (11 ms)
[ RUN      ] LsmLogStore.TruncateSuffixBoundaries
[       OK ] LsmLogStore.TruncateSuffixBoundaries (10 ms)
[ RUN      ] LsmLogStore.TruncateNoSyncThenSyncIsDurable
[       OK ] LsmLogStore.TruncateNoSyncThenSyncIsDurable (11 ms)
[ RUN      ] LsmLogStore.TruncateNoSyncIntoKillDashNineKeepsDeletionInPageCache
[       OK ] LsmLogStore.TruncateNoSyncIntoKillDashNineKeepsDeletionInPageCache (15 ms)
[ RUN      ] LsmLogStore.SliceClampsAndHonoursLimits
[       OK ] LsmLogStore.SliceClampsAndHonoursLimits (7 ms)
[ RUN      ] LsmLogStore.CompactDropsPrefixAndSurvivesRestart
[       OK ] LsmLogStore.CompactDropsPrefixAndSurvivesRestart (12 ms)
[ RUN      ] LsmLogStore.PrefixGoneWithoutSnapshotRefusesLoad
[       OK ] LsmLogStore.PrefixGoneWithoutSnapshotRefusesLoad (10 ms)
[ RUN      ] LsmLogStore.LoadSkipsEntriesBelowBoundary
[       OK ] LsmLogStore.LoadSkipsEntriesBelowBoundary (11 ms)
[ RUN      ] LsmLogStore.EmptyLogWithBoundary
[       OK ] LsmLogStore.EmptyLogWithBoundary (6 ms)
[ RUN      ] LsmLogStore.MetaPersistIsAtomicAndDurable
[       OK ] LsmLogStore.MetaPersistIsAtomicAndDurable (7 ms)
[ RUN      ] LsmLogStore.SecondProcessOnSameDirIsRejectedByLock
[       OK ] LsmLogStore.SecondProcessOnSameDirIsRejectedByLock (8 ms)
[ RUN      ] LsmLogStore.LoadRefusesGapInTheMiddle
[       OK ] LsmLogStore.LoadRefusesGapInTheMiddle (10 ms)
[ RUN      ] LsmLogStore.ValueBytesMatchFileLogStoreOnDisk
[       OK ] LsmLogStore.ValueBytesMatchFileLogStoreOnDisk (11 ms)
[ RUN      ] LsmLogStore.ConcurrentAppendSyncAndReadersStayConsistent
[       OK ] LsmLogStore.ConcurrentAppendSyncAndReadersStayConsistent (353 ms)
[ RUN      ] LsmLogStore.RestartRestoresMetaAndLog
[       OK ] LsmLogStore.RestartRestoresMetaAndLog (9 ms)
[ RUN      ] LsmLogStore.TruncatesTornTail
[       OK ] LsmLogStore.TruncatesTornTail (9 ms)
[----------] 21 tests from LsmLogStore (537 ms total)

[----------] 13 tests from RaftSnapshot
[ RUN      ] RaftSnapshot.SnapshotCreatedAtThreshold
[       OK ] RaftSnapshot.SnapshotCreatedAtThreshold (0 ms)
[ RUN      ] RaftSnapshot.SnapshotOnlyCoversAppliedPrefix
[       OK ] RaftSnapshot.SnapshotOnlyCoversAppliedPrefix (0 ms)
[ RUN      ] RaftSnapshot.CompactTruncatesLogAndFirstIndex
[       OK ] RaftSnapshot.CompactTruncatesLogAndFirstIndex (0 ms)
[ RUN      ] RaftSnapshot.TermAtCompactedBoundarySemantics
[       OK ] RaftSnapshot.TermAtCompactedBoundarySemantics (0 ms)
[ RUN      ] RaftSnapshot.InstallSnapshotCatchesUpLaggingFollower
[       OK ] RaftSnapshot.InstallSnapshotCatchesUpLaggingFollower (0 ms)
[ RUN      ] RaftSnapshot.FollowerKeepsSuffixBeyondSnapshot
[       OK ] RaftSnapshot.FollowerKeepsSuffixBeyondSnapshot (0 ms)
[ RUN      ] RaftSnapshot.StaleSnapshotIgnored
[       OK ] RaftSnapshot.StaleSnapshotIgnored (0 ms)
[ RUN      ] RaftSnapshot.Sync542StillHoldsAcrossCompaction
[       OK ] RaftSnapshot.Sync542StillHoldsAcrossCompaction (0 ms)
[ RUN      ] RaftSnapshot.ProposeNotLeaderUnaffectedBySnapshot
[       OK ] RaftSnapshot.ProposeNotLeaderUnaffectedBySnapshot (0 ms)
[ RUN      ] RaftSnapshot.DedupTableSurvivesSnapshot
[       OK ] RaftSnapshot.DedupTableSurvivesSnapshot (0 ms)
[ RUN      ] RaftSnapshot.SingleNodeProposeCommitsWithoutPeers
[       OK ] RaftSnapshot.SingleNodeProposeCommitsWithoutPeers (0 ms)
[ RUN      ] RaftSnapshot.InstallSnapshotRetransmitAfterLostReplies
[       OK ] RaftSnapshot.InstallSnapshotRetransmitAfterLostReplies (1 ms)
[ RUN      ] RaftSnapshot.InstalledNodeCanServeSnapshotAsLeader
[       OK ] RaftSnapshot.InstalledNodeCanServeSnapshotAsLeader (2 ms)
[----------] 13 tests from RaftSnapshot (7 ms total)

[----------] 7 tests from RaftSnapshotDisk
[ RUN      ] RaftSnapshotDisk.RestartLoadsSnapshotThenReplaysTail
[       OK ] RaftSnapshotDisk.RestartLoadsSnapshotThenReplaysTail (8 ms)
[ RUN      ] RaftSnapshotDisk.TornSnapshotDiscarded
[       OK ] RaftSnapshotDisk.TornSnapshotDiscarded (5 ms)
[ RUN      ] RaftSnapshotDisk.TornTailAfterCompact
[       OK ] RaftSnapshotDisk.TornTailAfterCompact (7 ms)
[ RUN      ] RaftSnapshotDisk.SnapshotAndLogCombinedRecovery
[       OK ] RaftSnapshotDisk.SnapshotAndLogCombinedRecovery (13 ms)
[ RUN      ] RaftSnapshotDisk.FileStoreClusterKeepsCommittingAfterCompaction
[       OK ] RaftSnapshotDisk.FileStoreClusterKeepsCommittingAfterCompaction (381 ms)
[ RUN      ] RaftSnapshotDisk.LsmStoreClusterKeepsCommittingAfterCompaction
[       OK ] RaftSnapshotDisk.LsmStoreClusterKeepsCommittingAfterCompaction (467 ms)
[ RUN      ] RaftSnapshotDisk.ConcurrentSaveAndInstallKeepNewestSnapshot
[       OK ] RaftSnapshotDisk.ConcurrentSaveAndInstallKeepNewestSnapshot (454 ms)
[----------] 7 tests from RaftSnapshotDisk (1339 ms total)

[----------] 3 tests from RaftSnapshotDiskLsm
[ RUN      ] RaftSnapshotDiskLsm.RestartLoadsSnapshotThenReplaysTail
[       OK ] RaftSnapshotDiskLsm.RestartLoadsSnapshotThenReplaysTail (13 ms)
[ RUN      ] RaftSnapshotDiskLsm.TornTailAfterCompact
[       OK ] RaftSnapshotDiskLsm.TornTailAfterCompact (14 ms)
[ RUN      ] RaftSnapshotDiskLsm.SnapshotAndLogCombinedRecovery
[       OK ] RaftSnapshotDiskLsm.SnapshotAndLogCombinedRecovery (17 ms)
[----------] 3 tests from RaftSnapshotDiskLsm (46 ms total)

[----------] 3 tests from RaftSnapshotStream
[ RUN      ] RaftSnapshotStream.ChunkedStreamMatchesSerializeByteForByte
[       OK ] RaftSnapshotStream.ChunkedStreamMatchesSerializeByteForByte (15 ms)
[ RUN      ] RaftSnapshotStream.SaveStreamingWritesIdenticalFile
[       OK ] RaftSnapshotStream.SaveStreamingWritesIdenticalFile (18 ms)
[ RUN      ] RaftSnapshotStream.ReadInstalledSlicesMatchFileContent
[       OK ] RaftSnapshotStream.ReadInstalledSlicesMatchFileContent (11 ms)
[----------] 3 tests from RaftSnapshotStream (46 ms total)

[----------] 1 test from RaftSnapshotResume
[ RUN      ] RaftSnapshotResume.ContinuesAfterStoreRestart
[       OK ] RaftSnapshotResume.ContinuesAfterStoreRestart (28 ms)
[----------] 1 test from RaftSnapshotResume (28 ms total)

[----------] 2 tests from RaftSnapshotStore
[ RUN      ] RaftSnapshotStore.StaleSaveNeverOverwritesNewerInstall
[       OK ] RaftSnapshotStore.StaleSaveNeverOverwritesNewerInstall (0 ms)
[ RUN      ] RaftSnapshotStore.ReceiveChunkIsIdempotentForRetransmits
[       OK ] RaftSnapshotStore.ReceiveChunkIsIdempotentForRetransmits (0 ms)
[----------] 2 tests from RaftSnapshotStore (0 ms total)

[----------] 29 tests from RaftMembership
[ RUN      ] RaftMembership.A1_ConfigSerdeRoundTrip
[       OK ] RaftMembership.A1_ConfigSerdeRoundTrip (0 ms)
[ RUN      ] RaftMembership.A2_AddReplicatesConfigToAllNodes
[       OK ] RaftMembership.A2_AddReplicatesConfigToAllNodes (5 ms)
[ RUN      ] RaftMembership.A3_SeedBecomesInitialConfig
[       OK ] RaftMembership.A3_SeedBecomesInitialConfig (0 ms)
[ RUN      ] RaftMembership.A4_UnreachableNewNodeIsNotAddedAndDoesNotCount
[       OK ] RaftMembership.A4_UnreachableNewNodeIsNotAddedAndDoesNotCount (30000 ms)
[ RUN      ] RaftMembership.A5_AddCommitsAndTakesEffect
[       OK ] RaftMembership.A5_AddCommitsAndTakesEffect (4 ms)
[ RUN      ] RaftMembership.A6_RemoveTakesEffectAndStopsCounting
[       OK ] RaftMembership.A6_RemoveTakesEffectAndStopsCounting (0 ms)
[ RUN      ] RaftMembership.A7_SecondChangeRejectedWhileOneInFlight
[       OK ] RaftMembership.A7_SecondChangeRejectedWhileOneInFlight (300 ms)
[ RUN      ] RaftMembership.A8_ConfigCommitNeedsBothMajorities
[       OK ] RaftMembership.A8_ConfigCommitNeedsBothMajorities (304 ms)
[ RUN      ] RaftMembership.A9_RemovedNodeCannotWinElection
[       OK ] RaftMembership.A9_RemovedNodeCannotWinElection (0 ms)
[ RUN      ] RaftMembership.A10_RemovedNodeRetiresAndRedirects
[       OK ] RaftMembership.A10_RemovedNodeRetiresAndRedirects (0 ms)
[ RUN      ] RaftMembership.A11_StartupRejectsNonMonotonicConfigVersions
[       OK ] RaftMembership.A11_StartupRejectsNonMonotonicConfigVersions (0 ms)
[ RUN      ] RaftMembership.A12_SnapshotCarriesConfigAndRestartKeepsTopology
[       OK ] RaftMembership.A12_SnapshotCarriesConfigAndRestartKeepsTopology (5 ms)
[ RUN      ] RaftMembership.A13_ReadIsNotServedByStaleLeader
[       OK ] RaftMembership.A13_ReadIsNotServedByStaleLeader (0 ms)
[ RUN      ] RaftMembership.A14_ReadIndexRequiresQuorum
[       OK ] RaftMembership.A14_ReadIndexRequiresQuorum (200 ms)
[ RUN      ] RaftMembership.A15_SupraRuleHoldsAfterMembershipChange
[       OK ] RaftMembership.A15_SupraRuleHoldsAfterMembershipChange (50 ms)
[ RUN      ] RaftMembership.A16_LeaderSelfRemovalStepsDownAfterCommit
[       OK ] RaftMembership.A16_LeaderSelfRemovalStepsDownAfterCommit (0 ms)
[ RUN      ] RaftMembership.A17_ConfigMessageCodec
[       OK ] RaftMembership.A17_ConfigMessageCodec (0 ms)
[ RUN      ] RaftMembership.A18_InstalledSnapshotCarriesConfig
[       OK ] RaftMembership.A18_InstalledSnapshotCarriesConfig (5 ms)
[ RUN      ] RaftMembership.A19_ConfigEntryTruncationRollsBackConfig
[       OK ] RaftMembership.A19_ConfigEntryTruncationRollsBackConfig (300 ms)
[ RUN      ] RaftMembership.A20_J2IsNotBypassedByLaterEntry
[       OK ] RaftMembership.A20_J2IsNotBypassedByLaterEntry (601 ms)
[ RUN      ] RaftMembership.A21_NewLeaderWithStaleCommitIndexMustNotServeStaleRead
[       OK ] RaftMembership.A21_NewLeaderWithStaleCommitIndexMustNotServeStaleRead (300 ms)
[ RUN      ] RaftMembership.A22_CodecRejectsMaliciousInput
[       OK ] RaftMembership.A22_CodecRejectsMaliciousInput (0 ms)
[ RUN      ] RaftMembership.A23_OnlyVotingMembersGetVotesAndRetiredNodesDoNotVote
[       OK ] RaftMembership.A23_OnlyVotingMembersGetVotesAndRetiredNodesDoNotVote (0 ms)
[ RUN      ] RaftMembership.A24_SnapshotNeverCarriesInFlightConfig
[       OK ] RaftMembership.A24_SnapshotNeverCarriesInFlightConfig (300 ms)
[ RUN      ] RaftMembership.A25_RestartKeepsConfigChangeInFlight
[       OK ] RaftMembership.A25_RestartKeepsConfigChangeInFlight (301 ms)
[ RUN      ] RaftMembership.A26_InstalledSnapshotReseatsConfigBaseline
[       OK ] RaftMembership.A26_InstalledSnapshotReseatsConfigBaseline (0 ms)
[ RUN      ] RaftMembership.A27_ConcurrentMembershipChangesAreSerialized
[       OK ] RaftMembership.A27_ConcurrentMembershipChangesAreSerialized (341 ms)
[ RUN      ] RaftMembership.A28_RemovedPeerIsReclaimedAfterCommit
[       OK ] RaftMembership.A28_RemovedPeerIsReclaimedAfterCommit (0 ms)
[ RUN      ] RaftMembership.A29_RemovedPeerKeepsReceivingUntilItAcks
[       OK ] RaftMembership.A29_RemovedPeerKeepsReceivingUntilItAcks (0 ms)
[----------] 29 tests from RaftMembership (33027 ms total)

[----------] 4 tests from RaftMembershipDisk
[ RUN      ] RaftMembershipDisk.B1_ConfigPersistsAcrossRestart
[       OK ] RaftMembershipDisk.B1_ConfigPersistsAcrossRestart (53 ms)
[ RUN      ] RaftMembershipDisk.B2_ConfigCompactedThenRecoveredFromSnapshot
[       OK ] RaftMembershipDisk.B2_ConfigCompactedThenRecoveredFromSnapshot (270 ms)
[ RUN      ] RaftMembershipDisk.B3_CrashDuringConfigChangeKeepsConsistentTopology
[       OK ] RaftMembershipDisk.B3_CrashDuringConfigChangeKeepsConsistentTopology (343 ms)
[ RUN      ] RaftMembershipDisk.B4_Rks1V1SnapshotStillLoads
[       OK ] RaftMembershipDisk.B4_Rks1V1SnapshotStillLoads (0 ms)
[----------] 4 tests from RaftMembershipDisk (667 ms total)

[----------] 3 tests from RaftMembershipDiskLsm
[ RUN      ] RaftMembershipDiskLsm.B1_ConfigPersistsAcrossRestart
[       OK ] RaftMembershipDiskLsm.B1_ConfigPersistsAcrossRestart (49 ms)
[ RUN      ] RaftMembershipDiskLsm.B2_ConfigCompactedThenRecoveredFromSnapshot
[       OK ] RaftMembershipDiskLsm.B2_ConfigCompactedThenRecoveredFromSnapshot (292 ms)
[ RUN      ] RaftMembershipDiskLsm.B3_CrashDuringConfigChangeKeepsConsistentTopology
[       OK ] RaftMembershipDiskLsm.B3_CrashDuringConfigChangeKeepsConsistentTopology (360 ms)
[----------] 3 tests from RaftMembershipDiskLsm (702 ms total)

[----------] 16 tests from RaftPerf
[ RUN      ] RaftPerf.A1_LockHeldDurableCallsAndSendsAreZero
[       OK ] RaftPerf.A1_LockHeldDurableCallsAndSendsAreZero (0 ms)
[ RUN      ] RaftPerf.A2_LockIsFreeWhileFsyncInProgress
[       OK ] RaftPerf.A2_LockIsFreeWhileFsyncInProgress (8 ms)
[ RUN      ] RaftPerf.A3_MetaPersistOutsideLockThenGrant
[       OK ] RaftPerf.A3_MetaPersistOutsideLockThenGrant (8 ms)
[ RUN      ] RaftPerf.A4_FailedSyncDoesNotAckOrAdvance
[       OK ] RaftPerf.A4_FailedSyncDoesNotAckOrAdvance (0 ms)
[ RUN      ] RaftPerf.A5_NoopUnblocksReadBarrier
[       OK ] RaftPerf.A5_NoopUnblocksReadBarrier (0 ms)
[ RUN      ] RaftPerf.A6_MetricsCountersAndStatusFragment
[       OK ] RaftPerf.A6_MetricsCountersAndStatusFragment (0 ms)
[ RUN      ] RaftPerf.A8_NonMemberVoteRequestCannotBumpTerm
[       OK ] RaftPerf.A8_NonMemberVoteRequestCannotBumpTerm (0 ms)
[ RUN      ] RaftPerf.A9_ConflictTruncationDoesNotFsyncUnderLock
[       OK ] RaftPerf.A9_ConflictTruncationDoesNotFsyncUnderLock (0 ms)
[ RUN      ] RaftPerf.A10_InFlightMuteWindowStaysBelowElectionTimeout
[       OK ] RaftPerf.A10_InFlightMuteWindowStaysBelowElectionTimeout (0 ms)
[ RUN      ] RaftPerf.A11_SlidingWindowOutOfOrderAcksAreIdempotent
[       OK ] RaftPerf.A11_SlidingWindowOutOfOrderAcksAreIdempotent (14 ms)
[ RUN      ] RaftPerf.A12_OverwrittenEntryIsNotReportedAsCommitted
[       OK ] RaftPerf.A12_OverwrittenEntryIsNotReportedAsCommitted (4 ms)
[ RUN      ] RaftPerf.A7_ConfigChangeStillCommits
[       OK ] RaftPerf.A7_ConfigChangeStillCommits (0 ms)
[ RUN      ] RaftPerf.A13_OverwriteDuringWaitIsNotReportedAsCommitted
[       OK ] RaftPerf.A13_OverwriteDuringWaitIsNotReportedAsCommitted (57 ms)
[ RUN      ] RaftPerf.A14_SyncDoesNotBlockAppends
[       OK ] RaftPerf.A14_SyncDoesNotBlockAppends (153 ms)
[ RUN      ] RaftPerf.A15_WaitPathFlusherHandoffIsNotLost
[       OK ] RaftPerf.A15_WaitPathFlusherHandoffIsNotLost (927 ms)
[ RUN      ] RaftPerf.A16_NextFlushWaitsForInFlightSends
[       OK ] RaftPerf.A16_NextFlushWaitsForInFlightSends (402 ms)
[----------] 16 tests from RaftPerf (1579 ms total)

[----------] 6 tests from RaftReactor
[ RUN      ] RaftReactor.R1_SendReceivesReplyAsynchronously
[       OK ] RaftReactor.R1_SendReceivesReplyAsynchronously (7 ms)
[ RUN      ] RaftReactor.R6_FrameIsNotRetransmittedWhileAwaitingReply
[       OK ] RaftReactor.R6_FrameIsNotRetransmittedWhileAwaitingReply (401 ms)
[ RUN      ] RaftReactor.R2_TimeoutDropsCallback
[       OK ] RaftReactor.R2_TimeoutDropsCallback (602 ms)
[ RUN      ] RaftReactor.R3_RemovePeerDropsInflightCallback
[       OK ] RaftReactor.R3_RemovePeerDropsInflightCallback (202 ms)
[ RUN      ] RaftReactor.R4_SlowPeerDoesNotBlockOthers
[       OK ] RaftReactor.R4_SlowPeerDoesNotBlockOthers (7 ms)
[ RUN      ] RaftReactor.R5_StopDropsPendingCallbacks
[       OK ] RaftReactor.R5_StopDropsPendingCallbacks (202 ms)
[----------] 6 tests from RaftReactor (1424 ms total)

[----------] Global test environment tear-down
[==========] 149 tests from 21 test suites ran. (40636 ms total)
[  PASSED  ] 149 tests.
