START 2026年 10月 02日 星期五 13:46:07 CST
### PHASE A: --log-engine lsm --state-engine lsm
e2e round 1 PASS
e2e round 2 FAIL rc=1
raft_fault rc=0
raft_fault: PASS (10 iterations)
raft_snapshot_fault rc=0
raft_snapshot_fault: PASS
raft_membership_fault rc=0
raft_membership_fault: PASS (10 iterations)
### PHASE B: --log-engine lsm --state-engine mem (2 rounds)
mem e2e round 1 PASS
mem e2e round 2 PASS
mem raft_fault rc=0
raft_fault: PASS (2 iterations)
mem snapshot rc=0
raft_snapshot_fault: PASS
mem membership rc=0
raft_membership_fault: PASS (2 iterations)
FAIL_SUM=1
END 2026年 10月 02日 星期五 13:49:21 CST
