# M6.9.3 - e2e harness flake: mechanism + rate (diagnostic copy of scripts/raft_e2e.sh)
# diagnostic copy adds ONLY: pinned ROOT, ERR trap, WORK preserve, and rc+output capture at line 115.
# repo scripts/raft_e2e.sh was NOT modified for this run.

## lsm/lsm 40 rounds (dbgdiag-rate-lsm.log)
round 1 rc=0 pass=1 fail=0
round 2 rc=1 pass=1 fail=1
round 3 rc=0 pass=2 fail=1
round 4 rc=0 pass=3 fail=1
round 5 rc=0 pass=4 fail=1
round 6 rc=0 pass=5 fail=1
round 7 rc=0 pass=6 fail=1
round 8 rc=0 pass=7 fail=1
round 9 rc=0 pass=8 fail=1
round 10 rc=0 pass=9 fail=1
round 11 rc=0 pass=10 fail=1
round 12 rc=0 pass=11 fail=1
round 13 rc=0 pass=12 fail=1
round 14 rc=0 pass=13 fail=1
round 15 rc=0 pass=14 fail=1
round 16 rc=1 pass=14 fail=2
round 17 rc=0 pass=15 fail=2
round 18 rc=0 pass=16 fail=2
round 19 rc=0 pass=17 fail=2
round 20 rc=0 pass=18 fail=2
round 21 rc=1 pass=18 fail=3
round 22 rc=0 pass=19 fail=3
round 23 rc=0 pass=20 fail=3
round 24 rc=0 pass=21 fail=3
round 25 rc=0 pass=22 fail=3
round 26 rc=0 pass=23 fail=3
round 27 rc=0 pass=24 fail=3
round 28 rc=0 pass=25 fail=3
round 29 rc=0 pass=26 fail=3
round 30 rc=0 pass=27 fail=3
round 31 rc=0 pass=28 fail=3
round 32 rc=0 pass=29 fail=3
round 33 rc=0 pass=30 fail=3
round 34 rc=0 pass=31 fail=3
round 35 rc=1 pass=31 fail=4
round 36 rc=0 pass=32 fail=4
round 37 rc=0 pass=33 fail=4
round 38 rc=0 pass=34 fail=4
round 39 rc=0 pass=35 fail=4
round 40 rc=0 pass=36 fail=4
RATE_RESULT cfg=[--log-engine lsm --state-engine lsm] N=40 pass=36 fail=4

## file/mem 40 rounds (dbgdiag-rate-base.log)
round 1 rc=0 pass=1 fail=0
round 2 rc=0 pass=2 fail=0
round 3 rc=0 pass=3 fail=0
round 4 rc=0 pass=4 fail=0
round 5 rc=0 pass=5 fail=0
round 6 rc=0 pass=6 fail=0
round 7 rc=1 pass=6 fail=1
round 8 rc=0 pass=7 fail=1
round 9 rc=0 pass=8 fail=1
round 10 rc=0 pass=9 fail=1
round 11 rc=0 pass=10 fail=1
round 12 rc=1 pass=10 fail=2
round 13 rc=1 pass=10 fail=3
round 14 rc=0 pass=11 fail=3
round 15 rc=0 pass=12 fail=3
round 16 rc=0 pass=13 fail=3
round 17 rc=0 pass=14 fail=3
round 18 rc=0 pass=15 fail=3
round 19 rc=0 pass=16 fail=3
round 20 rc=0 pass=17 fail=3
round 21 rc=0 pass=18 fail=3
round 22 rc=0 pass=19 fail=3
round 23 rc=0 pass=20 fail=3
round 24 rc=0 pass=21 fail=3
round 25 rc=0 pass=22 fail=3
round 26 rc=0 pass=23 fail=3
round 27 rc=0 pass=24 fail=3
round 28 rc=0 pass=25 fail=3
round 29 rc=0 pass=26 fail=3
round 30 rc=0 pass=27 fail=3
round 31 rc=0 pass=28 fail=3
round 32 rc=0 pass=29 fail=3
round 33 rc=1 pass=29 fail=4
round 34 rc=0 pass=30 fail=4
round 35 rc=0 pass=31 fail=4
round 36 rc=0 pass=32 fail=4
round 37 rc=0 pass=33 fail=4
round 38 rc=0 pass=34 fail=4
round 39 rc=0 pass=35 fail=4
round 40 rc=0 pass=36 fail=4
RATE_RESULT cfg=[--log-engine file --state-engine mem] N=40 pass=36 fail=4
